******************************************************************************
                  TI ARM Linker Unix v16.9.4                   
******************************************************************************
>> Linked Sat Oct 28 16:56:04 2017

OUTPUT FILE NAME:   <adcsinglechannel_CC2650_LAUNCHXL_TI.out>
ENTRY POINT SYMBOL: "ResetISR"  address: 00003a65


MEMORY CONFIGURATION

         name            origin    length      used     unused   attr    fill
----------------------  --------  ---------  --------  --------  ----  --------
  FLASH                 00000000   00020000  0000509f  0001af61  R  X
  SRAM                  20000000   00005000  00001bcb  00003435  RW X


SEGMENT ALLOCATION MAP

run origin  load origin   length   init length attrs members
----------  ----------- ---------- ----------- ----- -------
00000000    00000000    0000003c   0000003c    r--
  00000000    00000000    0000003c   0000003c    r-- .resetVecs
00000100    00000100    00005018   00005018    r-x
  00000100    00000100    0000003c   0000003c    r-- .const:ti_sysbios_knl_Task_Object__PARAMS__C
  0000013c    0000013c    00000034   00000034    r-- .const:ti_sysbios_knl_Mailbox_Object__PARAMS__C
  00000170    00000170    00000030   00000030    r-- .const:ti_sysbios_family_arm_m3_Hwi_Object__PARAMS__C
  000001a0    000001a0    0000002c   0000002c    r-- .const:ti_sysbios_hal_Hwi_Object__PARAMS__C
  000001cc    000001cc    00000028   00000028    r-- .const:ti_sysbios_heaps_HeapMem_Module__FXNS__C
  000001f4    000001f4    00000028   00000028    r-- .const:ti_sysbios_knl_Swi_Object__PARAMS__C
  0000021c    0000021c    00000024   00000024    r-- .const:ti_sysbios_gates_GateHwi_Module__FXNS__C
  00000240    00000240    00000024   00000024    r-- .const:ti_sysbios_gates_GateMutex_Module__FXNS__C
  00000264    00000264    00000024   00000024    r-- .const:ti_sysbios_heaps_HeapMem_Object__PARAMS__C
  00000288    00000288    00000024   00000024    r-- .const:ti_sysbios_knl_Clock_Object__PARAMS__C
  000002ac    000002ac    00000024   00000024    r-- .const:ti_sysbios_knl_Semaphore_Object__PARAMS__C
  000002d0    000002d0    00000020   00000020    r-- .const:ti_sysbios_family_arm_m3_Hwi_Object__DESC__C
  000002f0    000002f0    00000020   00000020    r-- .const:ti_sysbios_gates_GateHwi_Object__DESC__C
  00000310    00000310    00000020   00000020    r-- .const:ti_sysbios_gates_GateMutex_Object__DESC__C
  00000330    00000330    00000020   00000020    r-- .const:ti_sysbios_hal_Hwi_Object__DESC__C
  00000350    00000350    00000020   00000020    r-- .const:ti_sysbios_heaps_HeapMem_Object__DESC__C
  00000370    00000370    00000020   00000020    r-- .const:ti_sysbios_knl_Clock_Object__DESC__C
  00000390    00000390    00000020   00000020    r-- .const:ti_sysbios_knl_Mailbox_Object__DESC__C
  000003b0    000003b0    00000020   00000020    r-- .const:ti_sysbios_knl_Queue_Object__DESC__C
  000003d0    000003d0    00000020   00000020    r-- .const:ti_sysbios_knl_Semaphore_Object__DESC__C
  000003f0    000003f0    00000020   00000020    r-- .const:ti_sysbios_knl_Swi_Object__DESC__C
  00000410    00000410    00000020   00000020    r-- .const:ti_sysbios_knl_Task_Object__DESC__C
  00000430    00000430    00000018   00000018    r-- .const:ti_sysbios_gates_GateHwi_Object__PARAMS__C
  00000448    00000448    00000018   00000018    r-- .const:ti_sysbios_gates_GateMutex_Object__PARAMS__C
  00000460    00000460    00000018   00000018    r-- .const:ti_sysbios_knl_Queue_Object__PARAMS__C
  00000478    00000478    00000008   00000008    r-- .const:ti_sysbios_knl_Idle_funcList__C
  00000484    00000484    00000004   00000004    r-- .const:ti_sysbios_family_arm_cc26xx_Timer_startupNeeded__C
  00000488    00000488    00000004   00000004    r-- .const:ti_sysbios_family_arm_m3_Hwi_E_alreadyDefined__C
  0000048c    0000048c    00000004   00000004    r-- .const:ti_sysbios_family_arm_m3_Hwi_E_hwiLimitExceeded__C
  00000490    00000490    00000004   00000004    r-- .const:ti_sysbios_family_arm_m3_Hwi_NUM_INTERRUPTS__C
  00000494    00000494    00000004   00000004    r-- .const:ti_sysbios_family_arm_m3_Hwi_Object__count__C
  00000498    00000498    00000004   00000004    r-- .const:ti_sysbios_family_arm_m3_Hwi_Object__table__C
  0000049c    0000049c    00000004   00000004    r-- .const:ti_sysbios_family_arm_m3_Hwi_ccr__C
  000004a0    000004a0    00000004   00000004    r-- .const:ti_sysbios_family_arm_m3_Hwi_excHandlerFunc__C
  000004a4    000004a4    00000004   00000004    r-- .const:ti_sysbios_family_arm_m3_Hwi_nullIsrFunc__C
  000004a8    000004a8    00000004   00000004    r-- .const:ti_sysbios_family_arm_m3_Hwi_numSparseInterrupts__C
  000004ac    000004ac    00000004   00000004    r-- .const:ti_sysbios_family_arm_m3_Hwi_priGroup__C
  000004b0    000004b0    00000004   00000004    r-- .const:ti_sysbios_family_arm_m3_TaskSupport_stackAlignment__C
  000004b4    000004b4    00000004   00000004    r-- .const:ti_sysbios_heaps_HeapMem_E_memory__C
  000004b8    000004b8    00000004   00000004    r-- .const:ti_sysbios_heaps_HeapMem_Module__gateObj__C
  000004bc    000004bc    00000004   00000004    r-- .const:ti_sysbios_heaps_HeapMem_Object__count__C
  000004c0    000004c0    00000004   00000004    r-- .const:ti_sysbios_heaps_HeapMem_Object__table__C
  000004c4    000004c4    00000004   00000004    r-- .const:ti_sysbios_heaps_HeapMem_reqAlign__C
  000004c8    000004c8    00000004   00000004    r-- .const:ti_sysbios_knl_Clock_serviceMargin__C
  000004cc    000004cc    00000004   00000004    r-- .const:ti_sysbios_knl_Mailbox_Object__count__C
  000004d0    000004d0    00000004   00000004    r-- .const:ti_sysbios_knl_Mailbox_Object__table__C
  000004d4    000004d4    00000004   00000004    r-- .const:ti_sysbios_knl_Queue_Object__count__C
  000004d8    000004d8    00000004   00000004    r-- .const:ti_sysbios_knl_Queue_Object__table__C
  000004dc    000004dc    00000004   00000004    r-- .const:ti_sysbios_knl_Swi_Object__count__C
  000004e0    000004e0    00000004   00000004    r-- .const:ti_sysbios_knl_Swi_Object__table__C
  000004e4    000004e4    00000004   00000004    r-- .const:ti_sysbios_knl_Swi_numPriorities__C
  000004e8    000004e8    00000004   00000004    r-- .const:ti_sysbios_knl_Task_Object__count__C
  000004ec    000004ec    00000004   00000004    r-- .const:ti_sysbios_knl_Task_Object__table__C
  000004f0    000004f0    00000004   00000004    r-- .const:ti_sysbios_knl_Task_allBlockedFunc__C
  000004f4    000004f4    00000004   00000004    r-- .const:ti_sysbios_knl_Task_defaultStackHeap__C
  000004f8    000004f8    00000004   00000004    r-- .const:ti_sysbios_knl_Task_defaultStackSize__C
  000004fc    000004fc    00000004   00000004    r-- .const:ti_sysbios_knl_Task_numConstructedTasks__C
  00000502    00000502    00000002   00000002    r-- .const:ti_sysbios_family_arm_cc26xx_Timer_Module__id__C
  00000504    00000504    00000002   00000002    r-- .const:ti_sysbios_family_arm_cc26xx_TimestampProvider_useClockTimer__C
  00000506    00000506    00000002   00000002    r-- .const:ti_sysbios_family_arm_m3_Hwi_Module__id__C
  00000508    00000508    00000002   00000002    r-- .const:ti_sysbios_gates_GateHwi_Module__id__C
  0000050a    0000050a    00000002   00000002    r-- .const:ti_sysbios_gates_GateMutex_Module__id__C
  0000050c    0000050c    00000002   00000002    r-- .const:ti_sysbios_heaps_HeapMem_Module__id__C
  0000050e    0000050e    00000002   00000002    r-- .const:ti_sysbios_knl_Task_initStackFlag__C
  00000510    00000510    00000001   00000001    r-- .const:ti_sysbios_knl_Clock_tickMode__C
  00000514    00000514    00000008   00000008    r-- .const:xdc_runtime_Startup_firstFxns__C
  0000051c    0000051c    00000008   00000008    r-- .const:xdc_runtime_Startup_lastFxns__C
  00000524    00000524    00000004   00000004    r-- .const:xdc_runtime_Assert_E_assertFailed__C
  00000528    00000528    00000004   00000004    r-- .const:xdc_runtime_Error_E_memory__C
  0000052c    0000052c    00000004   00000004    r-- .const:xdc_runtime_Error_policyFxn__C
  00000530    00000530    00000004   00000004    r-- .const:xdc_runtime_IGateProvider_Interface__BASE__C
  00000534    00000534    00000004   00000004    r-- .const:xdc_runtime_IHeap_Interface__BASE__C
  00000538    00000538    00000004   00000004    r-- .const:xdc_runtime_IModule_Interface__BASE__C
  0000053c    0000053c    00000004   00000004    r-- .const:xdc_runtime_Main_Module__diagsEnabled__C
  00000540    00000540    00000004   00000004    r-- .const:xdc_runtime_Main_Module__diagsIncluded__C
  00000544    00000544    00000004   00000004    r-- .const:xdc_runtime_Main_Module__diagsMask__C
  00000548    00000548    00000004   00000004    r-- .const:xdc_runtime_Memory_defaultHeapInstance__C
  0000054c    0000054c    00000004   00000004    r-- .const:xdc_runtime_Startup_execImpl__C
  00000550    00000550    00000004   00000004    r-- .const:xdc_runtime_Startup_maxPasses__C
  00000554    00000554    00000004   00000004    r-- .const:xdc_runtime_Startup_sfxnRts__C
  00000558    00000558    00000004   00000004    r-- .const:xdc_runtime_Startup_sfxnTab__C
  0000055c    0000055c    00000004   00000004    r-- .const:xdc_runtime_Startup_startModsFxn__C
  00000560    00000560    00000004   00000004    r-- .const:xdc_runtime_SysCallback_abortFxn__C
  00000564    00000564    00000004   00000004    r-- .const:xdc_runtime_SysCallback_exitFxn__C
  00000568    00000568    00000004   00000004    r-- .const:xdc_runtime_System_abortFxn__C
  0000056c    0000056c    00000004   00000004    r-- .const:xdc_runtime_System_exitFxn__C
  00000570    00000570    00000004   00000004    r-- .const:xdc_runtime_System_maxAtexitHandlers__C
  00000574    00000574    00000004   00000004    r-- .const:xdc_runtime_Text_charTab__C
  00000578    00000578    00000004   00000004    r-- .const:xdc_runtime_Text_nameEmpty__C
  0000057c    0000057c    00000004   00000004    r-- .const:xdc_runtime_Text_nameStatic__C
  00000580    00000580    00000004   00000004    r-- .const:xdc_runtime_Text_nameUnknown__C
  00000584    00000584    00000002   00000002    r-- .const:xdc_runtime_Main_Module__id__C
  00000586    00000586    00000002   00000002    r-- .const:xdc_runtime_Memory_Module__id__C
  00000588    00000588    00000002   00000002    r-- .const:xdc_runtime_Text_charCnt__C
  0000058a    0000058a    00000002   00000002    r-- .const:xdc_runtime_Text_isLoaded__C
  0000058c    0000058c    00000001   00000001    r-- .const:xdc_runtime_Error_policy__C
  00000590    00000590    00000004   00000004    r-- .const:ti_sysbios_rom_ROM_AONRTCChannelEnable
  00000594    00000594    00000004   00000004    r-- .const:ti_sysbios_rom_ROM_AONRTCCompareValueSet
  00000598    00000598    00000004   00000004    r-- .const:ti_sysbios_rom_ROM_AONRTCCurrentCompareValueGet
  0000059c    0000059c    00000004   00000004    r-- .const:ti_sysbios_rom_ROM_AONRTCEventClear
  000005a0    000005a0    00000004   00000004    r-- .const:ti_sysbios_rom_ROM_ti_sysbios_family_arm_cc26xx_Timer_getCount64__E
  000005a4    000005a4    00000004   00000004    r-- .const:ti_sysbios_rom_ROM_ti_sysbios_family_arm_cc26xx_Timer_getCurrentTick__E
  000005a8    000005a8    00000004   00000004    r-- .const:ti_sysbios_rom_ROM_ti_sysbios_family_arm_cc26xx_Timer_getMaxTicks__E
  000005ac    000005ac    00000004   00000004    r-- .const:ti_sysbios_rom_ROM_ti_sysbios_family_arm_cc26xx_Timer_initDevice__I
  000005b0    000005b0    00000004   00000004    r-- .const:ti_sysbios_rom_ROM_ti_sysbios_family_arm_cc26xx_Timer_setNextTick__E
  000005b4    000005b4    00000004   00000004    r-- .const:ti_sysbios_rom_ROM_ti_sysbios_family_arm_cc26xx_Timer_setThreshold__I
  000005b8    000005b8    00000004   00000004    r-- .const:ti_sysbios_rom_ROM_ti_sysbios_family_arm_cc26xx_Timer_start__E
  000005bc    000005bc    00000004   00000004    r-- .const:ti_sysbios_rom_ROM_ti_sysbios_family_arm_cc26xx_TimestampProvider_get32__E
  000005c0    000005c0    00000004   00000004    r-- .const:ti_sysbios_rom_ROM_xdc_runtime_Startup_getState__I
  000005c4    000005c4    00000004   00000004    r-- .const:ti_sysbios_rom_ROM_xdc_runtime_System_SupportProxy_abort__E
  000005c8    000005c8    00000004   00000004    r-- .const:ti_sysbios_rom_ROM_xdc_runtime_System_SupportProxy_exit__E
  000005cc    000005cc    00000004   00000004    r-- .const:ti_sysbios_gates_GateMutex_Instance_State_sem__O
  000005d0    000005d0    00000004   00000004    r-- .const:ti_sysbios_knl_Clock_Module_State_clockQ__O
  000005d4    000005d4    00000004   00000004    r-- .const:ti_sysbios_knl_Mailbox_Instance_State_dataQue__O
  000005d8    000005d8    00000004   00000004    r-- .const:ti_sysbios_knl_Mailbox_Instance_State_dataSem__O
  000005dc    000005dc    00000004   00000004    r-- .const:ti_sysbios_knl_Mailbox_Instance_State_freeQue__O
  000005e0    000005e0    00000004   00000004    r-- .const:ti_sysbios_knl_Mailbox_Instance_State_freeSem__O
  000005e4    000005e4    00000004   00000004    r-- .const:ti_sysbios_knl_Semaphore_Instance_State_pendQ__O
  000005e8    000005e8    00000004   00000004    r-- .const:ti_sysbios_knl_Task_Module_State_inactiveQ__O
  000005ec    000005ec    00004694   00004694    r-x .text
  00004c80    00004c80    0000022f   0000022f    r-- .const
  00004eb0    00004eb0    00000268   00000268    r-- .cinit
0001ffa8    0001ffa8    00000058   00000058    r--
  0001ffa8    0001ffa8    00000058   00000058    r-- .ccfg
20000100    20000100    0000180e   00000000    rw-
  20000100    20000100    00000044   00000000    rw- .data:ti_sysbios_knl_Task_Module__state__V
  20000144    20000144    00000034   00000000    rw- .data:ti_sysbios_family_arm_m3_Hwi_Module__state__V
  20000178    20000178    0000002c   00000000    rw- .data:ti_sysbios_knl_Clock_Module__state__V
  200001a4    200001a4    00000024   00000000    rw- .data:ti_sysbios_BIOS_Module__state__V
  200001c8    200001c8    0000001c   00000000    rw- .data:ti_sysbios_knl_Swi_Module__state__V
  200001e4    200001e4    00000008   00000000    rw- .data:ti_sysbios_family_arm_cc26xx_Timer_Module__state__V
  200001ec    200001ec    00000004   00000000    rw- .data:ti_sysbios_family_arm_cc26xx_TimestampProvider_Module__state__V
  200001f0    200001f0    00000008   00000000    rw- .data:xdc_runtime_Startup_Module__state__V
  200001f8    200001f8    00000008   00000000    rw- .data:xdc_runtime_System_Module__state__V
  20000200    20000200    00000004   00000000    rw- .data:xdc_runtime_Memory_Module__state__V
  20000208    20000208    00001369   00000000    rw- .bss
  20001578    20001578    00000396   00000000    rw- .data
20004d00    20004d00    00000300   00000000    rw-
  20004d00    20004d00    00000300   00000000    rw- .stack


SECTION ALLOCATION MAP

 output                                  attributes/
section   page    origin      length       input sections
--------  ----  ----------  ----------   ----------------
.text      0    000005ec    00004694     
                  000005ec    0000033c     rom_sysbios.aem3 : rom_sysbios.obj (.text:xdc_runtime_System_doPrint__I)
                  00000928    00000228     drivers_cc26xxware.aem3 : PowerCC26XX.oem3 (.text:Power_sleep)
                  00000b50    00000204     driverlib.lib : sys_ctrl.obj (.text:NOROM_SysCtrlSetRechargeBeforePowerDown)
                  00000d54    000001f4     rtsv7M3_T_le_eabi.lib : ull_div_t2.obj (.text)
                  00000f48    000001d0     drivers_cc26xxware.aem3 : PowerCC26XX_calibrateRCOSC.oem3 (.text:calibrateRcoscHf1)
                  00001118    000001c4                             : PINCC26XX.oem3 (.text:PIN_init)
                  000012dc    000001a0                             : UARTCC26XX.oem3 (.text:UARTCC26XX_open)
                  0000147c    00000184                             : PowerCC26XX_calibrateRCOSC.oem3 (.text:PowerCC26XX_doCalibrate)
                  00001600    00000158     adcsinglechannel.obj (.text:taskFxn)
                  00001758    00000130     driverlib.lib : setup_rom.obj (.text:NOROM_SetupAfterColdResetWakeupFromShutDownCfg3)
                  00001888    0000011c     drivers_cc26xxware.aem3 : PowerCC26XX.oem3 (.text:Power_init)
                  000019a4    0000011c                             : UARTCC26XX.oem3 (.text:UARTCC26XX_read)
                  00001ac0    00000110                             : UARTCC26XX.oem3 (.text:UARTCC26XX_hwiIntFxn)
                  00001bd0    000000fc                             : UARTCC26XX.oem3 (.text:UARTCC26XX_write)
                  00001ccc    000000f8     adcsinglechannel_pem3.oem3 (.text:xdc_runtime_System_printfExtend__I)
                  00001dc4    000000e4     driverlib.lib : setup_rom.obj (.text:NOROM_SetupAfterColdResetWakeupFromShutDownCfg2)
                  00001ea8    000000e0     drivers_cc26xxware.aem3 : PINCC26XX.oem3 (.text:PINCC26XX_setIoCfg)
                  00001f88    000000d4     power_cc26xx_tirtos.aem3 : PowerCC26XX_tirtos.oem3 (.text:PowerCC26XX_standbyPolicy)
                  0000205c    000000d4     drivers_cc26xxware.aem3 : PowerCC26XX.oem3 (.text:Power_releaseDependency)
                  00002130    000000d0                             : PowerCC26XX.oem3 (.text:Power_setDependency)
                  00002200    000000c8                             : UARTCC26XX.oem3 (.text:UARTCC26XX_initHw)
                  000022c8    000000c0     driverlib.lib : aux_adc.obj (.text:NOROM_AUXADCEnableSync)
                  00002388    000000bc                   : setup.obj (.text:TrimAfterColdResetWakeupFromShutDown)
                  00002444    000000a8                   : setup.obj (.text:NOROM_SetupTrimDevice)
                  000024ec    000000a0     auto_init.aem3 : auto_init.oem3 (.text)
                  0000258c    0000009e     rom_sysbios.aem3 : rom_sysbios.obj (.text:xdc_runtime_Text_putSite__E)
                  0000262a    0000009c     rtsv7M3_T_le_eabi.lib : memcpy_t2.obj (.text)
                  000026c6    00000002     drivers_cc26xxware.aem3 : PowerCC26XX.oem3 (.text:emptyClockFunc)
                  000026c8    00000098     rom_sysbios.aem3 : rom_sysbios.obj (.text:ti_sysbios_knl_Clock_workFuncDynamic__E)
                  00002760    00000094     driverlib.lib : aux_adc.obj (.text:NOROM_AUXADCDisable)
                  000027f4    00000094     drivers_cc26xxware.aem3 : PINCC26XX.oem3 (.text:PIN_open)
                  00002888    00000094                             : UARTCC26XX.oem3 (.text:writeFinishedDoCallback)
                  0000291c    00000094     rom_sysbios.aem3 : rom_sysbios.obj (.text:xdc_runtime_Text_putMod__E)
                  000029b0    00000090     drivers_cc26xxware.aem3 : PowerCC26XX.oem3 (.text:switchXOSCHFclockFunc)
                  00002a40    0000008c                             : UARTCC26XX.oem3 (.text:UARTCC26XX_initIO)
                  00002acc    0000008c                             : UARTCC26XX.oem3 (.text:UARTCC26XX_writeCancel)
                  00002b58    0000007c                             : PowerCC26XX.oem3 (.text:disableLFClockQualifiers)
                  00002bd4    0000007a     rtsv7M3_T_le_eabi.lib : memset_t2.obj (.text)
                  00002c4e    00000002                           : i_div0.obj (.text)
                  00002c50    00000078     driverlib.lib : setup_rom.obj (.text:NOROM_SetupAfterColdResetWakeupFromShutDownCfg1)
                  00002cc8    00000078     drivers_cc26xxware.aem3 : UARTCC26XX.oem3 (.text:UARTCC26XX_close)
                  00002d40    00000074                             : PowerCC26XX_calibrateRCOSC.oem3 (.text:PowerCC26XX_auxISR)
                  00002db4    00000074                             : PowerCC26XX_calibrateRCOSC.oem3 (.text:calibrateRcoscHf2)
                  00002e28    00000074     rom_sysbios.aem3 : rom_sysbios.obj (.text:ti_sysbios_family_arm_cc26xx_Timer_start__E)
                  00002e9c    00000074     drivers_cc26xxware.aem3 : UARTCC26XX.oem3 (.text:writeTxFifoFlush)
                  00002f10    00000070     driverlib.lib : chipinfo.obj (.text:NOROM_ChipInfo_GetHwRevision)
                  00002f80    00000070     adcsinglechannel.obj (.text:main)
                  00002ff0    0000006d     rom_sysbios.aem3 : rom_sysbios.obj (.text:xdc_runtime_System_formatNum__I)
                  0000305d    00000001     --HOLE-- [fill = 0]
                  0000305e    00000002                      : rom_sysbios.obj (.text:ti_sysbios_BIOS_linkedWithIncorrectBootLibrary__E)
                  00003060    0000006c     driverlib.lib : setup_rom.obj (.text:NOROM_SetupGetTrimForAmpcompCtrl)
                  000030cc    0000006c     drivers_cc26xxware.aem3 : PowerCC26XX.oem3 (.text:PowerCC26XX_calibrate)
                  00003138    0000006c                             : UARTCC26XX.oem3 (.text:UARTCC26XX_readCancel)
                  000031a4    00000068     driverlib.lib : setup_rom.obj (.text:NOROM_SetupGetTrimForAnabypassValue1)
                  0000320c    00000068                   : sys_ctrl.obj (.text:NOROM_SysCtrl_DCDC_VoltageConditionalControl)
                  00003274    00000068     rtsv7M3_T_le_eabi.lib : copy_decompress_lzss.obj (.text:decompress:lzss)
                  000032dc    00000068                           : trgmsg.obj (.text)
                  00003344    00000064     drivers_cc26xxware.aem3 : UARTCC26XX.oem3 (.text:UARTCC26XX_control)
                  000033a8    00000060                             : PowerCC26XX_calibrateRCOSC.oem3 (.text:PowerCC26XX_RCOSC_clockFunc)
                  00003408    00000060                             : PowerCC26XX_calibrateRCOSC.oem3 (.text:updateSubSecInc)
                  00003468    0000005c     driverlib.lib : osc.obj (.text:NOROM_OSCHF_AttemptToSwitchToXosc)
                  000034c4    0000005c                   : sys_ctrl.obj (.text:NOROM_SysCtrlAdjustRechargeAfterPowerDown)
                  00003520    0000005c     drivers_cc26xxware.aem3 : PINCC26XX.oem3 (.text:PIN_remove)
                  0000357c    0000005c     adcsinglechannel_pem3.oem3 (.text:xdc_runtime_Startup_getState__I)
                  000035d8    0000005b     rom_sysbios.aem3 : rom_sysbios.obj (.text:xdc_runtime_Text_putLab__E)
                  00003633    00000001     --HOLE-- [fill = 0]
                  00003634    00000058     drivers_cc26xxware.aem3 : PowerCC26XX_calibrateRCOSC.oem3 (.text:PowerCC26XX_initiateCalibration)
                  0000368c    00000058     rtsv7M3_T_le_eabi.lib : hostwrite.obj (.text)
                  000036e4    00000054     drivers_cc26xxware.aem3 : PowerCC26XX.oem3 (.text:configureXOSCHF)
                  00003738    00000050     driverlib.lib : setup_rom.obj (.text:NOROM_SetupSetCacheModeAccordingToCcfgSetting)
                  00003788    0000004c                   : osc.obj (.text:NOROM_OSCClockSourceSet)
                  000037d4    0000004c     rtsv7M3_T_le_eabi.lib : cpy_tbl.obj (.text)
                  00003820    0000004c     drivers_cc26xxware.aem3 : UARTCC26XX.oem3 (.text:startTxFifoEmptyClk)
                  0000386c    00000048     driverlib.lib : chipinfo.obj (.text:NOROM_ChipInfo_GetChipFamily)
                  000038b4    00000048                   : ddi.obj (.text:NOROM_DDI16BitfieldWrite)
                  000038fc    00000048     drivers_cc26xxware.aem3 : PINCC26XX.oem3 (.text:PIN_setOutputEnable)
                  00003944    00000048                             : PINCC26XX.oem3 (.text:PIN_swi)
                  0000398c    00000048                             : PowerCC26XX.oem3 (.text:notify)
                  000039d4    00000048     rom_sysbios.aem3 : rom_sysbios.obj (.text:ti_sysbios_family_arm_m3_Timer_setPeriod__E)
                  00003a1c    00000046     drivers_cc26xxware.aem3 : RingBuf.oem3 (.text:RingBuf_put)
                  00003a62    00000002     adcsinglechannel_pem3.oem3 (.text:ti_sysbios_BIOS_nullFunc__I)
                  00003a64    00000044     boot.aem3 : boot.oem3 (.text)
                  00003aa8    00000044     rom_sysbios.aem3 : rom_sysbios.obj (.text:ti_sysbios_family_arm_m3_Timer_start__E)
                  00003aec    00000044                      : rom_sysbios.obj (.text:xdc_runtime_SysMin_flush__E)
                  00003b30    00000044                      : rom_sysbios.obj (.text:xdc_runtime_Text_xprintf__I)
                  00003b74    00000040     driverlib.lib : ddi.obj (.text:NOROM_DDI16BitfieldRead)
                  00003bb4    00000040     drivers_cc26xxware.aem3 : RingBuf.oem3 (.text:RingBuf_get)
                  00003bf4    00000040     rtsv7M3_T_le_eabi.lib : u_divt2.obj (.text)
                  00003c34    00000040     rom_sysbios.aem3 : rom_sysbios.obj (.text:ti_sysbios_family_arm_m3_Timer_getExpiredCounts__E)
                  00003c74    0000003c     driverlib.lib : osc.obj (.text:NOROM_OSC_HPOSCRelativeFrequencyOffsetGet)
                  00003cb0    0000003c     drivers_cc26xxware.aem3 : PINCC26XX.oem3 (.text:PIN_setOutputValue)
                  00003cec    0000003c                             : UARTCC26XX.oem3 (.text:UARTCC26XX_swiIntFxn)
                  00003d28    00000038                             : UARTCC26XX.oem3 (.text:readData)
                  00003d60    00000038     rom_sysbios.aem3 : rom_sysbios.obj (.text:ti_sysbios_family_arm_cc26xx_Timer_getCurrentTick__E)
                  00003d98    00000038     drivers_cc26xxware.aem3 : UARTCC26XX.oem3 (.text:writeData)
                  00003dd0    00000038     rom_sysbios.aem3 : rom_sysbios.obj (.text:xdc_runtime_SysMin_putch__E)
                  00003e08    00000034     driverlib.lib : osc.obj (.text:NOROM_OSCHF_SwitchToRcOscTurnOffXosc)
                  00003e3c    00000034     drivers_cc26xxware.aem3 : PINCC26XX.oem3 (.text:PIN_setConfig)
                  00003e70    00000034                             : UARTCC26XX.oem3 (.text:readData2RingBuf)
                  00003ea4    00000034     adcsinglechannel_pem3.oem3 (.text:ti_sysbios_BIOS_startFunc__I)
                  00003ed8    00000034     rom_sysbios.aem3 : rom_sysbios.obj (.text:ti_sysbios_family_arm_cc26xx_Timer_initDevice__I)
                  00003f0c    00000034                      : rom_sysbios.obj (.text:ti_sysbios_family_arm_m3_Timer_initDevice__I)
                  00003f40    00000034                      : rom_sysbios.obj (.text:ti_sysbios_family_arm_m3_Timer_periodicStub__I)
                  00003f74    00000032                      : rom_sysbios.obj (.text:ti_sysbios_family_arm_cc26xx_Timer_setNextTick__E)
                  00003fa6    00000002                      : rom_sysbios.obj (.text:ti_sysbios_family_arm_m3_TimestampProvider_rolloverFunc__E)
                  00003fa8    00000030     driverlib.lib : setup_rom.obj (.text:NOROM_SetupSetAonRtcSubSecInc)
                  00003fd8    00000030     drivers_cc26xxware.aem3 : PowerCC26XX.oem3 (.text:Power_releaseConstraint)
                  00004008    00000030                             : PowerCC26XX.oem3 (.text:Power_setConstraint)
                  00004038    00000030     driverlib.lib : adi.obj (.text:SafeHapiAuxAdiSelect)
                  00004068    00000030     drivers_cc26xxware.aem3 : UART.oem3 (.text:UART_open)
                  00004098    00000030     adcsinglechannel_pem3.oem3 (.text:ti_sysbios_BIOS_atExitFunc__I)
                  000040c8    00000030     rom_sysbios.aem3 : rom_sysbios.obj (.text:ti_sysbios_family_arm_cc26xx_Timer_setThreshold__I)
                  000040f8    00000030                      : rom_sysbios.obj (.text:ti_sysbios_family_arm_m3_TimestampProvider_get32__E)
                  00004128    00000030                      : rom_sysbios.obj (.text:xdc_runtime_SysMin_abort__E)
                  00004158    0000002f                      : rom_sysbios.obj (.text:xdc_runtime_Text_printVisFxn__I)
                  00004187    00000001     --HOLE-- [fill = 0]
                  00004188    0000002c     driverlib.lib : ddi.obj (.text:NOROM_DDI32RegWrite)
                  000041b4    0000002c                   : setup_rom.obj (.text:NOROM_SetupGetTrimForRadcExtCfg)
                  000041e0    0000002c     drivers_cc26xxware.aem3 : PINCC26XX.oem3 (.text:PINCC26XX_setMux)
                  0000420c    0000002c     rom_sysbios.aem3 : rom_sysbios.obj (.text:ti_sysbios_knl_Clock_getTicksUntilInterrupt__E)
                  00004238    0000002a                      : rom_sysbios.obj (.text:xdc_runtime_System_putchar__I)
                  00004262    00000002                      : rom_sysbios.obj (.text:ti_sysbios_knl_Clock_triggerFunc__I)
                  00004264    00000028     driverlib.lib : aon_batmon.obj (.text:NOROM_AONBatMonTemperatureGetDegC)
                  0000428c    00000028     drivers_cc26xxware.aem3 : PowerCC26XX.oem3 (.text:Power_registerNotify)
                  000042b4    00000028     driverlib.lib : adi.obj (.text:SafeHapiVoid)
                  000042dc    00000028     adcsinglechannel.obj (.text:adcIsr)
                  00004304    00000026     drivers_cc26xxware.aem3 : List.oem3 (.text:List_put)
                  0000432a    00000002     adcsinglechannel_pem3.oem3 (.text:ti_sysbios_rom_cortexm_cc26xx_CC26xx_badRomRevision__E)
                  0000432c    00000024     drivers_cc26xxware.aem3 : PINCC26XX.oem3 (.text:PINCC26XX_getPinCount)
                  00004350    00000024                             : PowerCC26XX_calibrateRCOSC.oem3 (.text:getTdcSemaphore)
                  00004374    00000024     adcsinglechannel_pem3.oem3 (.text:ti_sysbios_BIOS_registerRTSLock__I)
                  00004398    00000024     adcsinglechannel_pem3.oem3 (.text:ti_sysbios_BIOS_removeRTSLock__I)
                  000043bc    00000024     rom_sysbios.aem3 : rom_sysbios.obj (.text:ti_sysbios_family_arm_cc26xx_Timer_getMaxTicks__E)
                  000043e0    00000024                      : rom_sysbios.obj (.text:ti_sysbios_family_arm_m3_Timer_Module_startup__E)
                  00004404    00000024                      : rom_sysbios.obj (.text:ti_sysbios_family_arm_m3_Timer_postInit__I)
                  00004428    00000024                      : rom_sysbios.obj (.text:ti_sysbios_family_arm_m3_Timer_startup__E)
                  0000444c    00000024                      : rom_sysbios.obj (.text:xdc_runtime_System_vprintf__E)
                  00004470    00000022     adcsinglechannel_pem3.oem3 (.text:xdc_runtime_SysMin_output__I)
                  00004492    00000002     rom_sysbios.aem3 : rom_sysbios.obj (.text:xdc_runtime_SysCallback_defaultAbort)
                  00004494    00000020     driverlib.lib : setup_rom.obj (.text:NOROM_SetupGetTrimForXoscHfCtl)
                  000044b4    00000020     drivers_cc26xxware.aem3 : PowerCC26XX.oem3 (.text:Power_unregisterNotify)
                  000044d4    00000020     adcsinglechannel_pem3.oem3 (.text:ti_sysbios_BIOS_rtsLock__I)
                  000044f4    00000020     rom_sysbios.aem3 : rom_sysbios.obj (.text:ti_sysbios_family_arm_cc26xx_Timer_dynamicStub__E)
                  00004514    00000020                      : rom_sysbios.obj (.text:ti_sysbios_family_arm_m3_TimestampProvider_Module_startup__E)
                  00004534    00000020                      : rom_sysbios.obj (.text:ti_sysbios_knl_Clock_stop__E)
                  00004554    00000020                      : rom_sysbios.obj (.text:xdc_runtime_Registry_findById__E)
                  00004574    00000020                      : rom_sysbios.obj (.text:xdc_runtime_SysMin_Module_startup__E)
                  00004594    0000001e     drivers_cc26xxware.aem3 : PINCC26XX.oem3 (.text:PIN_close)
                  000045b2    0000001e                             : PowerCC26XX.oem3 (.text:Power_getTransitionLatency)
                  000045d0    0000001c     driverlib.lib : osc.obj (.text:NOROM_OSCClockSourceGet)
                  000045ec    0000001c                   : setup_rom.obj (.text:NOROM_SetupGetTrimForAmpcompTh2)
                  00004608    0000001c                   : setup_rom.obj (.text:NOROM_SetupGetTrimForRcOscLfRtuneCtuneTrim)
                  00004624    0000001c     drivers_cc26xxware.aem3 : PINCC26XX.oem3 (.text:PINCC26XX_setIoCfgMux)
                  00004640    0000001c                             : PINCC26XX.oem3 (.text:PIN_hwi)
                  0000465c    0000001c     rom_sysbios.aem3 : rom_sysbios.obj (.text:ti_sysbios_family_arm_m3_Hwi_clearInterrupt__E)
                  00004678    0000001c                      : rom_sysbios.obj (.text:ti_sysbios_family_arm_m3_Timer_stop__E)
                  00004694    0000001c                      : rom_sysbios.obj (.text:xdc_runtime_SysMin_exit__E)
                  000046b0    0000001a     drivers_cc26xxware.aem3 : List.oem3 (.text:List_remove)
                  000046ca    0000001a     rom_sysbios.aem3 : rom_sysbios_config.obj (.text:xdc_runtime_System_printf__E)
                  000046e4    00000018     adcsinglechannel.obj (.text:AUXADCSelectInput)
                  000046fc    00000018     driverlib.lib : aon_rtc.obj (.text:NOROM_AONRTCCurrentCompareValueGet)
                  00004714    00000018                   : chipinfo.obj (.text:NOROM_ChipInfo_GetPackageType)
                  0000472c    00000018                   : osc.obj (.text:NOROM_OSCHF_TurnOnXosc)
                  00004744    00000018                   : setup_rom.obj (.text:NOROM_SetupGetTrimForAdcShModeEn)
                  0000475c    00000018                   : setup_rom.obj (.text:NOROM_SetupGetTrimForAdcShVbufEn)
                  00004774    00000018                   : setup_rom.obj (.text:NOROM_SetupGetTrimForAmpcompTh1)
                  0000478c    00000018                   : setup_rom.obj (.text:NOROM_SetupGetTrimForDblrLoopFilterResetVoltage)
                  000047a4    00000018                   : setup_rom.obj (.text:NOROM_SetupGetTrimForRcOscLfIBiasTrim)
                  000047bc    00000018                   : setup_rom.obj (.text:NOROM_SetupGetTrimForXoscLfRegulatorAndCmirrwrRatio)
                  000047d4    00000018     drivers_cc26xxware.aem3 : PowerCC26XX.oem3 (.text:Power_idleFunc)
                  000047ec    00000018                             : UARTCC26XX.oem3 (.text:UARTCC26XX_init)
                  00004804    00000018                             : UART.oem3 (.text:UART_Params_init)
                  0000481c    00000018                             : PowerCC26XX.oem3 (.text:configureRFCoreClocks)
                  00004834    00000018     rtsv7M3_T_le_eabi.lib : args_main.obj (.text)
                  0000484c    00000018                           : ll_mul_t2.obj (.text)
                  00004864    00000018     adcsinglechannel_pem3.oem3 (.text:ti_sysbios_BIOS_rtsUnlock__I)
                  0000487c    00000018     rom_sysbios.aem3 : rom_sysbios.obj (.text:ti_sysbios_knl_Swi_or__E)
                  00004894    00000018     adcsinglechannel_pem3.oem3 (.text:ti_sysbios_rom_cortexm_cc26xx_CC26xx_checkRevision__E)
                  000048ac    00000016     adcsinglechannel_pem3.oem3 (.text:ti_sysbios_BIOS_exitFunc__I)
                  000048c2    00000016     adcsinglechannel.obj (.text:ti_sysbios_family_arm_m3_Hwi_Params_init)
                  000048d8    00000016     adcsinglechannel.obj (.text:ti_sysbios_knl_Semaphore_Params_init)
                  000048ee    00000016     adcsinglechannel.obj (.text:ti_sysbios_knl_Task_Params_init)
                  00004904    00000014     driverlib.lib : aon_rtc.obj (.text:NOROM_AONRTCCurrent64BitValueGet)
                  00004918    00000014                   : chipinfo.obj (.text:NOROM_ThisCodeIsBuiltForCC26xxHwRev22AndLater_HaltIfViolated)
                  0000492c    00000014     rtsv7M3_T_le_eabi.lib : _lock.obj (.text)
                  00004940    00000014                           : strlen.obj (.text)
                  00004954    00000014     adcsinglechannel_pem3.oem3 (.text:ti_sysbios_knl_Clock_doTick__I)
                  00004968    00000012     drivers_cc26xxware.aem3 : RingBuf.oem3 (.text:RingBuf_construct)
                  0000497a    00000012     adcsinglechannel_pem3.oem3 (.text:xdc_runtime_Startup_exec__I)
                  0000498c    00000010     driverlib.lib : aux_adc.obj (.text:NOROM_AUXADCReadFifo)
                  0000499c    00000010                   : setup_rom.obj (.text:NOROM_SetupGetTrimForXoscHfFastStart)
                  000049ac    00000010                   : setup_rom.obj (.text:NOROM_SetupGetTrimForXoscHfIbiastherm)
                  000049bc    00000010     drivers_cc26xxware.aem3 : UARTCC26XX.oem3 (.text:uartPostNotify)
                  000049cc    00000010     rom_sysbios.aem3 : rom_sysbios.obj (.text:xdc_runtime_SysMin_ready__E)
                  000049dc    00000010                      : rom_sysbios.obj (.text:xdc_runtime_System_vsnprintf__E)
                  000049ec    0000000e     driverlib.lib : vims.obj (.text:NOROM_VIMSModeGet)
                  000049fa    0000000e     rtsv7M3_T_le_eabi.lib : copy_decompress_none.obj (.text:decompress:none)
                  00004a08    0000000e     rom_sysbios.aem3 : rom_sysbios.obj (.text:ti_sysbios_family_arm_cc26xx_TimestampProvider_get32__E)
                  00004a16    00000002                      : rom_sysbios.obj (.text:xdc_runtime_SysCallback_defaultExit)
                  00004a18    0000000c     adcsinglechannel.obj (.text:AUXADCGenManualTrigger)
                  00004a24    0000000c     driverlib.lib : cpu.obj (.text:NOROM_CPUcpsid)
                  00004a30    0000000c                   : cpu.obj (.text:NOROM_CPUcpsie)
                  00004a3c    0000000c     drivers_cc26xxware.aem3 : PowerCC26XX.oem3 (.text:Power_getConstraintMask)
                  00004a48    0000000c                             : PowerCC26XX.oem3 (.text:Power_getDependencyCount)
                  00004a54    0000000c     rtsv7M3_T_le_eabi.lib : copy_zero_init.obj (.text:decompress:ZI)
                  00004a60    0000000c     rom_sysbios.aem3 : rom_sysbios.obj (.text:ti_sysbios_family_arm_m3_Timer_getHandle__E)
                  00004a6c    0000000c                      : rom_sysbios.obj (.text:ti_sysbios_family_arm_m3_Timer_getTickCount__E)
                  00004a78    0000000c                      : rom_sysbios.obj (.text:ti_sysbios_family_arm_m3_TimestampProvider_startTimer__E)
                  00004a84    0000000c     adcsinglechannel.obj (.text:ti_sysbios_knl_Semaphore_handle)
                  00004a90    0000000c     rom_sysbios.aem3 : rom_sysbios.obj (.text:ti_sysbios_knl_Swi_getTrigger__E)
                  00004a9c    0000000c     adcsinglechannel_pem3.oem3 (.text:xdc_runtime_Startup_reset__I)
                  00004aa8    0000000c     rom_sysbios.aem3 : rom_sysbios.obj (.text:xdc_runtime_Startup_rtsDone__E)
                  00004ab4    0000000a     drivers_cc26xxware.aem3 : List.oem3 (.text:List_empty)
                  00004abe    00000008                             : UARTCC26XX.oem3 (.text:readSemCallback)
                  00004ac6    00000008                             : UARTCC26XX.oem3 (.text:writeSemCallback)
                  00004ace    00000008     adcsinglechannel_pem3.oem3 (.text:xdc_runtime_Text_visitRope__I)
                  00004ad6    00000006     drivers_cc26xxware.aem3 : UARTCC26XX.oem3 (.text:UARTCC26XX_readPolling)
                  00004adc    00000006                             : UARTCC26XX.oem3 (.text:UARTCC26XX_writePolling)
                  00004ae2    00000004     tirtosport.aem3 : HwiP_tirtos.oem3 (.text:HwiP_disable)
                  00004ae6    00000004     drivers_cc26xxware.aem3 : List.oem3 (.text:List_head)
                  00004aea    00000004                             : List.oem3 (.text:List_next)
                  00004aee    00000004                             : PowerCC26XX.oem3 (.text:nopResourceHandler)
                  00004af2    00000004     rom_sysbios.aem3 : rom_sysbios.obj (.text:ti_sysbios_family_arm_cc26xx_Timer_getCount64__E)
                  00004af6    00000004                      : rom_sysbios.obj (.text:ti_sysbios_family_arm_m3_Timer_getPeriod__E)
                  00004afa    00000004                      : rom_sysbios.obj (.text:xdc_runtime_System_printf_va__F)
                  00004afe    00000002     --HOLE-- [fill = 0]
                  00004b00    00000008     (.tramp.xdc_runtime_Startup_startMods__I.1)
                  00004b08    00000008     (.tramp.ti_sysbios_knl_Clock_logTick__E.1)
                  00004b10    00000008     (.tramp.ti_sysbios_knl_Task_Params__init__S.1)
                  00004b18    00000008     (.tramp.ti_sysbios_BIOS_RtsGateProxy_leave__E.1)
                  00004b20    00000008     (.tramp.ti_sysbios_BIOS_RtsGateProxy_enter__E.1)
                  00004b28    00000008     (.tramp.ti_sysbios_BIOS_setThreadType__E.1)
                  00004b30    00000008     (.tramp.ti_sysbios_family_arm_m3_Hwi_disableInterrupt__E.1)
                  00004b38    00000008     (.tramp.ti_sysbios_knl_Task_startup__E.1)
                  00004b40    00000008     (.tramp.ti_sysbios_knl_Swi_startup__E.1)
                  00004b48    00000008     (.tramp.ti_sysbios_hal_Hwi_startup__E.1)
                  00004b50    00000008     (.tramp.ti_sysbios_family_arm_cc26xx_Timer_startup__E.1)
                  00004b58    00000008     (.tramp.xdc_runtime_System_atexit__E.1)
                  00004b60    00000008     (.tramp.xdc_runtime_Gate_leaveSystem__E.1)
                  00004b68    00000008     (.tramp.xdc_runtime_Gate_enterSystem__E.1)
                  00004b70    00000008     (.tramp.ti_sysbios_family_arm_m3_Hwi_enableInterrupt__E.1)
                  00004b78    00000008     (.tramp.xdc_runtime_System_exit__E.1)
                  00004b80    00000008     (.tramp.xdc_runtime_Error_raiseX__E.1)
                  00004b88    00000008     (.tramp.ti_sysbios_BIOS_start__E.1)
                  00004b90    00000008     (.tramp.ti_sysbios_knl_Task_construct.1)
                  00004b98    00000008     (.tramp.ti_sysbios_knl_Clock_destruct.1)
                  00004ba0    00000008     (.tramp.ti_sysbios_knl_Semaphore_destruct.1)
                  00004ba8    00000008     (.tramp.ti_sysbios_knl_Swi_destruct.1)
                  00004bb0    00000008     (.tramp.ti_sysbios_family_arm_m3_Hwi_destruct.1)
                  00004bb8    00000008     (.tramp.ti_sysbios_knl_Semaphore_post__E.1)
                  00004bc0    00000008     (.tramp.ti_sysbios_knl_Clock_scheduleNextTick__E.1)
                  00004bc8    00000008     (.tramp.ti_sysbios_knl_Clock_walkQueueDynamic__E.1)
                  00004bd0    00000008     (.tramp.ti_sysbios_knl_Clock_TimerProxy_getCurrentTick__E.1)
                  00004bd8    00000008     (.tramp.ti_sysbios_BIOS_getCpuFreq__E.1)
                  00004be0    00000008     (.tramp.ti_sysbios_knl_Swi_post__E.1)
                  00004be8    00000008     (.tramp.ti_sysbios_knl_Clock_setTimeout__E.1)
                  00004bf0    00000008     (.tramp.ti_sysbios_knl_Task_sleep__E.1)
                  00004bf8    00000008     (.tramp.ti_sysbios_knl_Semaphore_pend__E.1)
                  00004c00    00000008     (.tramp.ti_sysbios_knl_Clock_start__E.1)
                  00004c08    00000008     (.tramp.xdc_runtime_System_abortSpin__E.1)
                  00004c10    00000008     (.tramp.ti_sysbios_knl_Clock_construct.1)
                  00004c18    00000008     (.tramp.ti_sysbios_knl_Clock_Params__init__S.1)
                  00004c20    00000008     (.tramp.ti_sysbios_family_arm_m3_Hwi_restoreFxn__E.1)
                  00004c28    00000008     (.tramp.ti_sysbios_family_arm_m3_Hwi_disableFxn__E.1)
                  00004c30    00000008     (.tramp.ti_sysbios_knl_Swi_construct.1)
                  00004c38    00000008     (.tramp.ti_sysbios_knl_Swi_Params__init__S.1)
                  00004c40    00000008     (.tramp.ti_sysbios_family_arm_m3_Hwi_construct.1)
                  00004c48    00000008     (.tramp.ti_sysbios_family_arm_m3_Hwi_Params__init__S.1)
                  00004c50    00000008     (.tramp.ti_sysbios_knl_Semaphore_construct.1)
                  00004c58    00000008     (.tramp.ti_sysbios_knl_Semaphore_Params__init__S.1)
                  00004c60    00000008     (.tramp.ti_sysbios_knl_Task_restore__E.1)
                  00004c68    00000008     (.tramp.ti_sysbios_knl_Swi_restore__E.1)
                  00004c70    00000008     (.tramp.ti_sysbios_knl_Swi_disable__E.1)
                  00004c78    00000008     (.tramp.ti_sysbios_knl_Task_disable__E.1)

.const     0    00004c80    0000022f     
                  00004c80    0000004c     drivers_cc26xxware.aem3 : PowerCC26XX.oem3 (.const:resourceDB)
                  00004ccc    00000048     adcsinglechannel_pem3.oem3 (.const:.string)
                  00004d14    00000040     drivers_cc26xxware.aem3 : UARTCC26XX.oem3 (.const)
                  00004d54    00000030     adcsinglechannel_pem3.oem3 (.const:xdc_runtime_Startup_sfxnTab__A)
                  00004d84    0000002c     CC2650_LAUNCHXL.obj (.const:BoardGpioInitTable)
                  00004db0    00000028     drivers_cc26xxware.aem3 : UARTCC26XX.oem3 (.const:UARTCC26XX_fxnTable)
                  00004dd8    00000024                             : UART.oem3 (.const:UART_defaultParams)
                  00004dfc    00000020     CC2650_LAUNCHXL.obj (.const:uartCC26XXHWAttrs)
                  00004e1c    00000018     CC2650_LAUNCHXL.obj (.const:UART_config)
                  00004e34    00000018     adcsinglechannel_pem3.oem3 (.const:xdc_runtime_Startup_sfxnRts__A)
                  00004e4c    00000010     CC2650_LAUNCHXL.obj (.const:PowerCC26XX_config)
                  00004e5c    0000000c     adcsinglechannel.obj (.const:alsPins)
                  00004e68    0000000c     adcsinglechannel_pem3.oem3 (.const:xdc_runtime_Startup_firstFxns__A)
                  00004e74    00000008     CC2650_LAUNCHXL.obj (.const:PINCC26XX_hwAttrs)
                  00004e7c    00000004     adcsinglechannel_pem3.oem3 (.const:ti_sysbios_family_arm_m3_Timer_E_cannotSupport__C)
                  00004e80    00000004     adcsinglechannel_pem3.oem3 (.const:ti_sysbios_family_arm_m3_Timer_startupNeeded__C)
                  00004e84    00000004     adcsinglechannel_pem3.oem3 (.const:ti_sysbios_knl_Clock_tickPeriod__C)
                  00004e88    00000004     adcsinglechannel_pem3.oem3 (.const:ti_sysbios_knl_Clock_triggerClock__C)
                  00004e8c    00000004     adcsinglechannel_pem3.oem3 (.const:ti_sysbios_knl_Idle_funcList__A)
                  00004e90    00000004     adcsinglechannel_pem3.oem3 (.const:xdc_runtime_Startup_lastFxns__A)
                  00004e94    00000004     adcsinglechannel_pem3.oem3 (.const:xdc_runtime_SysMin_bufSize__C)
                  00004e98    00000004     adcsinglechannel_pem3.oem3 (.const:xdc_runtime_SysMin_outputFunc__C)
                  00004e9c    00000004     adcsinglechannel_pem3.oem3 (.const:xdc_runtime_System_extendFxn__C)
                  00004ea0    00000004     adcsinglechannel_pem3.oem3 (.const:xdc_runtime_Text_visitRopeFxn__C)
                  00004ea4    00000002     adcsinglechannel_pem3.oem3 (.const:ti_sysbios_family_arm_m3_Timer_Module__id__C)
                  00004ea6    00000002     adcsinglechannel_pem3.oem3 (.const:ti_sysbios_family_arm_m3_TimestampProvider_configTimer__C)
                  00004ea8    00000002     adcsinglechannel_pem3.oem3 (.const:xdc_runtime_SysMin_flushAtExit__C)
                  00004eaa    00000002     adcsinglechannel_pem3.oem3 (.const:xdc_runtime_Text_registryModsLastId__C)
                  00004eac    00000002     adcsinglechannel_pem3.oem3 (.const:xdc_runtime_Text_unnamedModsLastId__C)
                  00004eae    00000001     adcsinglechannel_pem3.oem3 (.const:xdc_runtime_Text_charTab__A)

.cinit     0    00004eb0    00000268     
                  00004eb0    00000129     (.cinit..data.load) [load image, compression = lzss]
                  00004fd9    00000029     (.cinit..data:ti_sysbios_family_arm_m3_Hwi_Module__state__V.load) [load image, compression = lzss]
                  00005002    00000021     (.cinit..data:ti_sysbios_knl_Task_Module__state__V.load) [load image, compression = lzss]
                  00005023    0000001f     (.cinit..data:ti_sysbios_BIOS_Module__state__V.load) [load image, compression = lzss]
                  00005042    0000001e     (.cinit..data:ti_sysbios_knl_Clock_Module__state__V.load) [load image, compression = lzss]
                  00005060    00000010     (.cinit..data:ti_sysbios_knl_Swi_Module__state__V.load) [load image, compression = lzss]
                  00005070    0000000c     (__TI_handler_table)
                  0000507c    0000000b     (.cinit..data:ti_sysbios_family_arm_cc26xx_Timer_Module__state__V.load) [load image, compression = lzss]
                  00005087    0000000b     (.cinit..data:xdc_runtime_System_Module__state__V.load) [load image, compression = lzss]
                  00005092    00000006     --HOLE-- [fill = 0]
                  00005098    00000008     (.cinit..bss.load) [load image, compression = zero_init]
                  000050a0    00000008     (.cinit..data:xdc_runtime_Memory_Module__state__V.load) [load image, compression = lzss]
                  000050a8    00000007     (.cinit..data:ti_sysbios_family_arm_cc26xx_TimestampProvider_Module__state__V.load) [load image, compression = lzss]
                  000050af    00000007     (.cinit..data:xdc_runtime_Startup_Module__state__V.load) [load image, compression = lzss]
                  000050b6    00000002     --HOLE-- [fill = 0]
                  000050b8    00000060     (__TI_cinit_table)

.init_array 
*          0    00000000    00000000     UNINITIALIZED

.ccfg      0    0001ffa8    00000058     
                  0001ffa8    00000058     ccfg.obj (.ccfg:retain)

.const:ti_sysbios_knl_Task_Object__PARAMS__C 
*          0    00000100    0000003c     
                  00000100    0000003c     adcsinglechannel_pem3.oem3 (.const:ti_sysbios_knl_Task_Object__PARAMS__C)

.const:ti_sysbios_knl_Mailbox_Object__PARAMS__C 
*          0    0000013c    00000034     
                  0000013c    00000034     adcsinglechannel_pem3.oem3 (.const:ti_sysbios_knl_Mailbox_Object__PARAMS__C)

.const:ti_sysbios_family_arm_m3_Hwi_Object__PARAMS__C 
*          0    00000170    00000030     
                  00000170    00000030     adcsinglechannel_pem3.oem3 (.const:ti_sysbios_family_arm_m3_Hwi_Object__PARAMS__C)

.const:ti_sysbios_hal_Hwi_Object__PARAMS__C 
*          0    000001a0    0000002c     
                  000001a0    0000002c     adcsinglechannel_pem3.oem3 (.const:ti_sysbios_hal_Hwi_Object__PARAMS__C)

.const:ti_sysbios_heaps_HeapMem_Module__FXNS__C 
*          0    000001cc    00000028     
                  000001cc    00000028     adcsinglechannel_pem3.oem3 (.const:ti_sysbios_heaps_HeapMem_Module__FXNS__C)

.const:ti_sysbios_knl_Swi_Object__PARAMS__C 
*          0    000001f4    00000028     
                  000001f4    00000028     adcsinglechannel_pem3.oem3 (.const:ti_sysbios_knl_Swi_Object__PARAMS__C)

.const:ti_sysbios_gates_GateHwi_Module__FXNS__C 
*          0    0000021c    00000024     
                  0000021c    00000024     adcsinglechannel_pem3.oem3 (.const:ti_sysbios_gates_GateHwi_Module__FXNS__C)

.const:ti_sysbios_gates_GateMutex_Module__FXNS__C 
*          0    00000240    00000024     
                  00000240    00000024     adcsinglechannel_pem3.oem3 (.const:ti_sysbios_gates_GateMutex_Module__FXNS__C)

.const:ti_sysbios_heaps_HeapMem_Object__PARAMS__C 
*          0    00000264    00000024     
                  00000264    00000024     adcsinglechannel_pem3.oem3 (.const:ti_sysbios_heaps_HeapMem_Object__PARAMS__C)

.const:ti_sysbios_knl_Clock_Object__PARAMS__C 
*          0    00000288    00000024     
                  00000288    00000024     adcsinglechannel_pem3.oem3 (.const:ti_sysbios_knl_Clock_Object__PARAMS__C)

.const:ti_sysbios_knl_Semaphore_Object__PARAMS__C 
*          0    000002ac    00000024     
                  000002ac    00000024     adcsinglechannel_pem3.oem3 (.const:ti_sysbios_knl_Semaphore_Object__PARAMS__C)

.const:ti_sysbios_family_arm_m3_Hwi_Object__DESC__C 
*          0    000002d0    00000020     
                  000002d0    00000020     adcsinglechannel_pem3.oem3 (.const:ti_sysbios_family_arm_m3_Hwi_Object__DESC__C)

.const:ti_sysbios_gates_GateHwi_Object__DESC__C 
*          0    000002f0    00000020     
                  000002f0    00000020     adcsinglechannel_pem3.oem3 (.const:ti_sysbios_gates_GateHwi_Object__DESC__C)

.const:ti_sysbios_gates_GateMutex_Object__DESC__C 
*          0    00000310    00000020     
                  00000310    00000020     adcsinglechannel_pem3.oem3 (.const:ti_sysbios_gates_GateMutex_Object__DESC__C)

.const:ti_sysbios_hal_Hwi_Object__DESC__C 
*          0    00000330    00000020     
                  00000330    00000020     adcsinglechannel_pem3.oem3 (.const:ti_sysbios_hal_Hwi_Object__DESC__C)

.const:ti_sysbios_heaps_HeapMem_Object__DESC__C 
*          0    00000350    00000020     
                  00000350    00000020     adcsinglechannel_pem3.oem3 (.const:ti_sysbios_heaps_HeapMem_Object__DESC__C)

.const:ti_sysbios_knl_Clock_Object__DESC__C 
*          0    00000370    00000020     
                  00000370    00000020     adcsinglechannel_pem3.oem3 (.const:ti_sysbios_knl_Clock_Object__DESC__C)

.const:ti_sysbios_knl_Mailbox_Object__DESC__C 
*          0    00000390    00000020     
                  00000390    00000020     adcsinglechannel_pem3.oem3 (.const:ti_sysbios_knl_Mailbox_Object__DESC__C)

.const:ti_sysbios_knl_Queue_Object__DESC__C 
*          0    000003b0    00000020     
                  000003b0    00000020     adcsinglechannel_pem3.oem3 (.const:ti_sysbios_knl_Queue_Object__DESC__C)

.const:ti_sysbios_knl_Semaphore_Object__DESC__C 
*          0    000003d0    00000020     
                  000003d0    00000020     adcsinglechannel_pem3.oem3 (.const:ti_sysbios_knl_Semaphore_Object__DESC__C)

.const:ti_sysbios_knl_Swi_Object__DESC__C 
*          0    000003f0    00000020     
                  000003f0    00000020     adcsinglechannel_pem3.oem3 (.const:ti_sysbios_knl_Swi_Object__DESC__C)

.const:ti_sysbios_knl_Task_Object__DESC__C 
*          0    00000410    00000020     
                  00000410    00000020     adcsinglechannel_pem3.oem3 (.const:ti_sysbios_knl_Task_Object__DESC__C)

.const:ti_sysbios_gates_GateHwi_Object__PARAMS__C 
*          0    00000430    00000018     
                  00000430    00000018     adcsinglechannel_pem3.oem3 (.const:ti_sysbios_gates_GateHwi_Object__PARAMS__C)

.const:ti_sysbios_gates_GateMutex_Object__PARAMS__C 
*          0    00000448    00000018     
                  00000448    00000018     adcsinglechannel_pem3.oem3 (.const:ti_sysbios_gates_GateMutex_Object__PARAMS__C)

.const:ti_sysbios_knl_Queue_Object__PARAMS__C 
*          0    00000460    00000018     
                  00000460    00000018     adcsinglechannel_pem3.oem3 (.const:ti_sysbios_knl_Queue_Object__PARAMS__C)

.const:ti_sysbios_knl_Idle_funcList__C 
*          0    00000478    00000008     
                  00000478    00000008     adcsinglechannel_pem3.oem3 (.const:ti_sysbios_knl_Idle_funcList__C)

.const:ti_sysbios_family_arm_cc26xx_Timer_startupNeeded__C 
*          0    00000484    00000004     
                  00000484    00000004     adcsinglechannel_pem3.oem3 (.const:ti_sysbios_family_arm_cc26xx_Timer_startupNeeded__C)

.const:ti_sysbios_family_arm_m3_Hwi_E_alreadyDefined__C 
*          0    00000488    00000004     
                  00000488    00000004     adcsinglechannel_pem3.oem3 (.const:ti_sysbios_family_arm_m3_Hwi_E_alreadyDefined__C)

.const:ti_sysbios_family_arm_m3_Hwi_E_hwiLimitExceeded__C 
*          0    0000048c    00000004     
                  0000048c    00000004     adcsinglechannel_pem3.oem3 (.const:ti_sysbios_family_arm_m3_Hwi_E_hwiLimitExceeded__C)

.const:ti_sysbios_family_arm_m3_Hwi_NUM_INTERRUPTS__C 
*          0    00000490    00000004     
                  00000490    00000004     adcsinglechannel_pem3.oem3 (.const:ti_sysbios_family_arm_m3_Hwi_NUM_INTERRUPTS__C)

.const:ti_sysbios_family_arm_m3_Hwi_Object__count__C 
*          0    00000494    00000004     
                  00000494    00000004     adcsinglechannel_pem3.oem3 (.const:ti_sysbios_family_arm_m3_Hwi_Object__count__C)

.const:ti_sysbios_family_arm_m3_Hwi_Object__table__C 
*          0    00000498    00000004     
                  00000498    00000004     adcsinglechannel_pem3.oem3 (.const:ti_sysbios_family_arm_m3_Hwi_Object__table__C)

.const:ti_sysbios_family_arm_m3_Hwi_ccr__C 
*          0    0000049c    00000004     
                  0000049c    00000004     adcsinglechannel_pem3.oem3 (.const:ti_sysbios_family_arm_m3_Hwi_ccr__C)

.const:ti_sysbios_family_arm_m3_Hwi_excHandlerFunc__C 
*          0    000004a0    00000004     
                  000004a0    00000004     adcsinglechannel_pem3.oem3 (.const:ti_sysbios_family_arm_m3_Hwi_excHandlerFunc__C)

.const:ti_sysbios_family_arm_m3_Hwi_nullIsrFunc__C 
*          0    000004a4    00000004     
                  000004a4    00000004     adcsinglechannel_pem3.oem3 (.const:ti_sysbios_family_arm_m3_Hwi_nullIsrFunc__C)

.const:ti_sysbios_family_arm_m3_Hwi_numSparseInterrupts__C 
*          0    000004a8    00000004     
                  000004a8    00000004     adcsinglechannel_pem3.oem3 (.const:ti_sysbios_family_arm_m3_Hwi_numSparseInterrupts__C)

.const:ti_sysbios_family_arm_m3_Hwi_priGroup__C 
*          0    000004ac    00000004     
                  000004ac    00000004     adcsinglechannel_pem3.oem3 (.const:ti_sysbios_family_arm_m3_Hwi_priGroup__C)

.const:ti_sysbios_family_arm_m3_TaskSupport_stackAlignment__C 
*          0    000004b0    00000004     
                  000004b0    00000004     adcsinglechannel_pem3.oem3 (.const:ti_sysbios_family_arm_m3_TaskSupport_stackAlignment__C)

.const:ti_sysbios_heaps_HeapMem_E_memory__C 
*          0    000004b4    00000004     
                  000004b4    00000004     adcsinglechannel_pem3.oem3 (.const:ti_sysbios_heaps_HeapMem_E_memory__C)

.const:ti_sysbios_heaps_HeapMem_Module__gateObj__C 
*          0    000004b8    00000004     
                  000004b8    00000004     adcsinglechannel_pem3.oem3 (.const:ti_sysbios_heaps_HeapMem_Module__gateObj__C)

.const:ti_sysbios_heaps_HeapMem_Object__count__C 
*          0    000004bc    00000004     
                  000004bc    00000004     adcsinglechannel_pem3.oem3 (.const:ti_sysbios_heaps_HeapMem_Object__count__C)

.const:ti_sysbios_heaps_HeapMem_Object__table__C 
*          0    000004c0    00000004     
                  000004c0    00000004     adcsinglechannel_pem3.oem3 (.const:ti_sysbios_heaps_HeapMem_Object__table__C)

.const:ti_sysbios_heaps_HeapMem_reqAlign__C 
*          0    000004c4    00000004     
                  000004c4    00000004     adcsinglechannel_pem3.oem3 (.const:ti_sysbios_heaps_HeapMem_reqAlign__C)

.const:ti_sysbios_knl_Clock_serviceMargin__C 
*          0    000004c8    00000004     
                  000004c8    00000004     adcsinglechannel_pem3.oem3 (.const:ti_sysbios_knl_Clock_serviceMargin__C)

.const:ti_sysbios_knl_Mailbox_Object__count__C 
*          0    000004cc    00000004     
                  000004cc    00000004     adcsinglechannel_pem3.oem3 (.const:ti_sysbios_knl_Mailbox_Object__count__C)

.const:ti_sysbios_knl_Mailbox_Object__table__C 
*          0    000004d0    00000004     
                  000004d0    00000004     adcsinglechannel_pem3.oem3 (.const:ti_sysbios_knl_Mailbox_Object__table__C)

.const:ti_sysbios_knl_Queue_Object__count__C 
*          0    000004d4    00000004     
                  000004d4    00000004     adcsinglechannel_pem3.oem3 (.const:ti_sysbios_knl_Queue_Object__count__C)

.const:ti_sysbios_knl_Queue_Object__table__C 
*          0    000004d8    00000004     
                  000004d8    00000004     adcsinglechannel_pem3.oem3 (.const:ti_sysbios_knl_Queue_Object__table__C)

.const:ti_sysbios_knl_Swi_Object__count__C 
*          0    000004dc    00000004     
                  000004dc    00000004     adcsinglechannel_pem3.oem3 (.const:ti_sysbios_knl_Swi_Object__count__C)

.const:ti_sysbios_knl_Swi_Object__table__C 
*          0    000004e0    00000004     
                  000004e0    00000004     adcsinglechannel_pem3.oem3 (.const:ti_sysbios_knl_Swi_Object__table__C)

.const:ti_sysbios_knl_Swi_numPriorities__C 
*          0    000004e4    00000004     
                  000004e4    00000004     adcsinglechannel_pem3.oem3 (.const:ti_sysbios_knl_Swi_numPriorities__C)

.const:ti_sysbios_knl_Task_Object__count__C 
*          0    000004e8    00000004     
                  000004e8    00000004     adcsinglechannel_pem3.oem3 (.const:ti_sysbios_knl_Task_Object__count__C)

.const:ti_sysbios_knl_Task_Object__table__C 
*          0    000004ec    00000004     
                  000004ec    00000004     adcsinglechannel_pem3.oem3 (.const:ti_sysbios_knl_Task_Object__table__C)

.const:ti_sysbios_knl_Task_allBlockedFunc__C 
*          0    000004f0    00000004     
                  000004f0    00000004     adcsinglechannel_pem3.oem3 (.const:ti_sysbios_knl_Task_allBlockedFunc__C)

.const:ti_sysbios_knl_Task_defaultStackHeap__C 
*          0    000004f4    00000004     
                  000004f4    00000004     adcsinglechannel_pem3.oem3 (.const:ti_sysbios_knl_Task_defaultStackHeap__C)

.const:ti_sysbios_knl_Task_defaultStackSize__C 
*          0    000004f8    00000004     
                  000004f8    00000004     adcsinglechannel_pem3.oem3 (.const:ti_sysbios_knl_Task_defaultStackSize__C)

.const:ti_sysbios_knl_Task_numConstructedTasks__C 
*          0    000004fc    00000004     
                  000004fc    00000004     adcsinglechannel_pem3.oem3 (.const:ti_sysbios_knl_Task_numConstructedTasks__C)

.const:ti_sysbios_family_arm_cc26xx_Timer_Module__id__C 
*          0    00000502    00000002     
                  00000502    00000002     adcsinglechannel_pem3.oem3 (.const:ti_sysbios_family_arm_cc26xx_Timer_Module__id__C)

.const:ti_sysbios_family_arm_cc26xx_TimestampProvider_useClockTimer__C 
*          0    00000504    00000002     
                  00000504    00000002     adcsinglechannel_pem3.oem3 (.const:ti_sysbios_family_arm_cc26xx_TimestampProvider_useClockTimer__C)

.const:ti_sysbios_family_arm_m3_Hwi_Module__id__C 
*          0    00000506    00000002     
                  00000506    00000002     adcsinglechannel_pem3.oem3 (.const:ti_sysbios_family_arm_m3_Hwi_Module__id__C)

.const:ti_sysbios_gates_GateHwi_Module__id__C 
*          0    00000508    00000002     
                  00000508    00000002     adcsinglechannel_pem3.oem3 (.const:ti_sysbios_gates_GateHwi_Module__id__C)

.const:ti_sysbios_gates_GateMutex_Module__id__C 
*          0    0000050a    00000002     
                  0000050a    00000002     adcsinglechannel_pem3.oem3 (.const:ti_sysbios_gates_GateMutex_Module__id__C)

.const:ti_sysbios_heaps_HeapMem_Module__id__C 
*          0    0000050c    00000002     
                  0000050c    00000002     adcsinglechannel_pem3.oem3 (.const:ti_sysbios_heaps_HeapMem_Module__id__C)

.const:ti_sysbios_knl_Task_initStackFlag__C 
*          0    0000050e    00000002     
                  0000050e    00000002     adcsinglechannel_pem3.oem3 (.const:ti_sysbios_knl_Task_initStackFlag__C)

.const:ti_sysbios_knl_Clock_tickMode__C 
*          0    00000510    00000001     
                  00000510    00000001     adcsinglechannel_pem3.oem3 (.const:ti_sysbios_knl_Clock_tickMode__C)

.const:xdc_runtime_Startup_firstFxns__C 
*          0    00000514    00000008     
                  00000514    00000008     adcsinglechannel_pem3.oem3 (.const:xdc_runtime_Startup_firstFxns__C)

.const:xdc_runtime_Startup_lastFxns__C 
*          0    0000051c    00000008     
                  0000051c    00000008     adcsinglechannel_pem3.oem3 (.const:xdc_runtime_Startup_lastFxns__C)

.const:xdc_runtime_Assert_E_assertFailed__C 
*          0    00000524    00000004     
                  00000524    00000004     adcsinglechannel_pem3.oem3 (.const:xdc_runtime_Assert_E_assertFailed__C)

.const:xdc_runtime_Error_E_memory__C 
*          0    00000528    00000004     
                  00000528    00000004     adcsinglechannel_pem3.oem3 (.const:xdc_runtime_Error_E_memory__C)

.const:xdc_runtime_Error_policyFxn__C 
*          0    0000052c    00000004     
                  0000052c    00000004     adcsinglechannel_pem3.oem3 (.const:xdc_runtime_Error_policyFxn__C)

.const:xdc_runtime_IGateProvider_Interface__BASE__C 
*          0    00000530    00000004     
                  00000530    00000004     adcsinglechannel_pem3.oem3 (.const:xdc_runtime_IGateProvider_Interface__BASE__C)

.const:xdc_runtime_IHeap_Interface__BASE__C 
*          0    00000534    00000004     
                  00000534    00000004     adcsinglechannel_pem3.oem3 (.const:xdc_runtime_IHeap_Interface__BASE__C)

.const:xdc_runtime_IModule_Interface__BASE__C 
*          0    00000538    00000004     
                  00000538    00000004     adcsinglechannel_pem3.oem3 (.const:xdc_runtime_IModule_Interface__BASE__C)

.const:xdc_runtime_Main_Module__diagsEnabled__C 
*          0    0000053c    00000004     
                  0000053c    00000004     adcsinglechannel_pem3.oem3 (.const:xdc_runtime_Main_Module__diagsEnabled__C)

.const:xdc_runtime_Main_Module__diagsIncluded__C 
*          0    00000540    00000004     
                  00000540    00000004     adcsinglechannel_pem3.oem3 (.const:xdc_runtime_Main_Module__diagsIncluded__C)

.const:xdc_runtime_Main_Module__diagsMask__C 
*          0    00000544    00000004     
                  00000544    00000004     adcsinglechannel_pem3.oem3 (.const:xdc_runtime_Main_Module__diagsMask__C)

.const:xdc_runtime_Memory_defaultHeapInstance__C 
*          0    00000548    00000004     
                  00000548    00000004     adcsinglechannel_pem3.oem3 (.const:xdc_runtime_Memory_defaultHeapInstance__C)

.const:xdc_runtime_Startup_execImpl__C 
*          0    0000054c    00000004     
                  0000054c    00000004     adcsinglechannel_pem3.oem3 (.const:xdc_runtime_Startup_execImpl__C)

.const:xdc_runtime_Startup_maxPasses__C 
*          0    00000550    00000004     
                  00000550    00000004     adcsinglechannel_pem3.oem3 (.const:xdc_runtime_Startup_maxPasses__C)

.const:xdc_runtime_Startup_sfxnRts__C 
*          0    00000554    00000004     
                  00000554    00000004     adcsinglechannel_pem3.oem3 (.const:xdc_runtime_Startup_sfxnRts__C)

.const:xdc_runtime_Startup_sfxnTab__C 
*          0    00000558    00000004     
                  00000558    00000004     adcsinglechannel_pem3.oem3 (.const:xdc_runtime_Startup_sfxnTab__C)

.const:xdc_runtime_Startup_startModsFxn__C 
*          0    0000055c    00000004     
                  0000055c    00000004     adcsinglechannel_pem3.oem3 (.const:xdc_runtime_Startup_startModsFxn__C)

.const:xdc_runtime_SysCallback_abortFxn__C 
*          0    00000560    00000004     
                  00000560    00000004     adcsinglechannel_pem3.oem3 (.const:xdc_runtime_SysCallback_abortFxn__C)

.const:xdc_runtime_SysCallback_exitFxn__C 
*          0    00000564    00000004     
                  00000564    00000004     adcsinglechannel_pem3.oem3 (.const:xdc_runtime_SysCallback_exitFxn__C)

.const:xdc_runtime_System_abortFxn__C 
*          0    00000568    00000004     
                  00000568    00000004     adcsinglechannel_pem3.oem3 (.const:xdc_runtime_System_abortFxn__C)

.const:xdc_runtime_System_exitFxn__C 
*          0    0000056c    00000004     
                  0000056c    00000004     adcsinglechannel_pem3.oem3 (.const:xdc_runtime_System_exitFxn__C)

.const:xdc_runtime_System_maxAtexitHandlers__C 
*          0    00000570    00000004     
                  00000570    00000004     adcsinglechannel_pem3.oem3 (.const:xdc_runtime_System_maxAtexitHandlers__C)

.const:xdc_runtime_Text_charTab__C 
*          0    00000574    00000004     
                  00000574    00000004     adcsinglechannel_pem3.oem3 (.const:xdc_runtime_Text_charTab__C)

.const:xdc_runtime_Text_nameEmpty__C 
*          0    00000578    00000004     
                  00000578    00000004     adcsinglechannel_pem3.oem3 (.const:xdc_runtime_Text_nameEmpty__C)

.const:xdc_runtime_Text_nameStatic__C 
*          0    0000057c    00000004     
                  0000057c    00000004     adcsinglechannel_pem3.oem3 (.const:xdc_runtime_Text_nameStatic__C)

.const:xdc_runtime_Text_nameUnknown__C 
*          0    00000580    00000004     
                  00000580    00000004     adcsinglechannel_pem3.oem3 (.const:xdc_runtime_Text_nameUnknown__C)

.const:xdc_runtime_Main_Module__id__C 
*          0    00000584    00000002     
                  00000584    00000002     adcsinglechannel_pem3.oem3 (.const:xdc_runtime_Main_Module__id__C)

.const:xdc_runtime_Memory_Module__id__C 
*          0    00000586    00000002     
                  00000586    00000002     adcsinglechannel_pem3.oem3 (.const:xdc_runtime_Memory_Module__id__C)

.const:xdc_runtime_Text_charCnt__C 
*          0    00000588    00000002     
                  00000588    00000002     adcsinglechannel_pem3.oem3 (.const:xdc_runtime_Text_charCnt__C)

.const:xdc_runtime_Text_isLoaded__C 
*          0    0000058a    00000002     
                  0000058a    00000002     adcsinglechannel_pem3.oem3 (.const:xdc_runtime_Text_isLoaded__C)

.const:ti_sysbios_rom_ROM_AONRTCChannelEnable 
*          0    00000590    00000004     
                  00000590    00000004     adcsinglechannel_pem3.oem3 (.const:ti_sysbios_rom_ROM_AONRTCChannelEnable)

.const:ti_sysbios_rom_ROM_AONRTCCompareValueSet 
*          0    00000594    00000004     
                  00000594    00000004     adcsinglechannel_pem3.oem3 (.const:ti_sysbios_rom_ROM_AONRTCCompareValueSet)

.const:ti_sysbios_rom_ROM_AONRTCCurrentCompareValueGet 
*          0    00000598    00000004     
                  00000598    00000004     adcsinglechannel_pem3.oem3 (.const:ti_sysbios_rom_ROM_AONRTCCurrentCompareValueGet)

.const:ti_sysbios_rom_ROM_AONRTCEventClear 
*          0    0000059c    00000004     
                  0000059c    00000004     adcsinglechannel_pem3.oem3 (.const:ti_sysbios_rom_ROM_AONRTCEventClear)

.const:ti_sysbios_rom_ROM_ti_sysbios_family_arm_cc26xx_Timer_getCount64__E 
*          0    000005a0    00000004     
                  000005a0    00000004     adcsinglechannel_pem3.oem3 (.const:ti_sysbios_rom_ROM_ti_sysbios_family_arm_cc26xx_Timer_getCount64__E)

.const:ti_sysbios_rom_ROM_ti_sysbios_family_arm_cc26xx_Timer_getCurrentTick__E 
*          0    000005a4    00000004     
                  000005a4    00000004     adcsinglechannel_pem3.oem3 (.const:ti_sysbios_rom_ROM_ti_sysbios_family_arm_cc26xx_Timer_getCurrentTick__E)

.const:ti_sysbios_rom_ROM_ti_sysbios_family_arm_cc26xx_Timer_getMaxTicks__E 
*          0    000005a8    00000004     
                  000005a8    00000004     adcsinglechannel_pem3.oem3 (.const:ti_sysbios_rom_ROM_ti_sysbios_family_arm_cc26xx_Timer_getMaxTicks__E)

.const:ti_sysbios_rom_ROM_ti_sysbios_family_arm_cc26xx_Timer_setNextTick__E 
*          0    000005b0    00000004     
                  000005b0    00000004     adcsinglechannel_pem3.oem3 (.const:ti_sysbios_rom_ROM_ti_sysbios_family_arm_cc26xx_Timer_setNextTick__E)

.const:ti_sysbios_rom_ROM_ti_sysbios_family_arm_cc26xx_Timer_setThreshold__I 
*          0    000005b4    00000004     
                  000005b4    00000004     adcsinglechannel_pem3.oem3 (.const:ti_sysbios_rom_ROM_ti_sysbios_family_arm_cc26xx_Timer_setThreshold__I)

.const:ti_sysbios_rom_ROM_ti_sysbios_family_arm_cc26xx_Timer_start__E 
*          0    000005b8    00000004     
                  000005b8    00000004     adcsinglechannel_pem3.oem3 (.const:ti_sysbios_rom_ROM_ti_sysbios_family_arm_cc26xx_Timer_start__E)

.const:ti_sysbios_rom_ROM_ti_sysbios_family_arm_cc26xx_TimestampProvider_get32__E 
*          0    000005bc    00000004     
                  000005bc    00000004     adcsinglechannel_pem3.oem3 (.const:ti_sysbios_rom_ROM_ti_sysbios_family_arm_cc26xx_TimestampProvider_get32__E)

.const:ti_sysbios_rom_ROM_xdc_runtime_Startup_getState__I 
*          0    000005c0    00000004     
                  000005c0    00000004     adcsinglechannel_pem3.oem3 (.const:ti_sysbios_rom_ROM_xdc_runtime_Startup_getState__I)

.const:ti_sysbios_rom_ROM_xdc_runtime_System_SupportProxy_abort__E 
*          0    000005c4    00000004     
                  000005c4    00000004     adcsinglechannel_pem3.oem3 (.const:ti_sysbios_rom_ROM_xdc_runtime_System_SupportProxy_abort__E)

.const:ti_sysbios_rom_ROM_xdc_runtime_System_SupportProxy_exit__E 
*          0    000005c8    00000004     
                  000005c8    00000004     adcsinglechannel_pem3.oem3 (.const:ti_sysbios_rom_ROM_xdc_runtime_System_SupportProxy_exit__E)

.const:ti_sysbios_knl_Clock_Module_State_clockQ__O 
*          0    000005d0    00000004     
                  000005d0    00000004     adcsinglechannel_pem3.oem3 (.const:ti_sysbios_knl_Clock_Module_State_clockQ__O)

.const:ti_sysbios_knl_Mailbox_Instance_State_dataSem__O 
*          0    000005d8    00000004     
                  000005d8    00000004     adcsinglechannel_pem3.oem3 (.const:ti_sysbios_knl_Mailbox_Instance_State_dataSem__O)

.const:ti_sysbios_knl_Mailbox_Instance_State_freeQue__O 
*          0    000005dc    00000004     
                  000005dc    00000004     adcsinglechannel_pem3.oem3 (.const:ti_sysbios_knl_Mailbox_Instance_State_freeQue__O)

.const:ti_sysbios_knl_Mailbox_Instance_State_freeSem__O 
*          0    000005e0    00000004     
                  000005e0    00000004     adcsinglechannel_pem3.oem3 (.const:ti_sysbios_knl_Mailbox_Instance_State_freeSem__O)

.const:ti_sysbios_knl_Semaphore_Instance_State_pendQ__O 
*          0    000005e4    00000004     
                  000005e4    00000004     adcsinglechannel_pem3.oem3 (.const:ti_sysbios_knl_Semaphore_Instance_State_pendQ__O)

.data:ti_sysbios_knl_Task_Module__state__V 
*          0    20000100    00000044     UNINITIALIZED
                  20000100    00000044     adcsinglechannel_pem3.oem3 (.data:ti_sysbios_knl_Task_Module__state__V)

.data:ti_sysbios_family_arm_m3_Hwi_Module__state__V 
*          0    20000144    00000034     UNINITIALIZED
                  20000144    00000034     adcsinglechannel_pem3.oem3 (.data:ti_sysbios_family_arm_m3_Hwi_Module__state__V)

.data:ti_sysbios_BIOS_Module__state__V 
*          0    200001a4    00000024     UNINITIALIZED
                  200001a4    00000024     adcsinglechannel_pem3.oem3 (.data:ti_sysbios_BIOS_Module__state__V)

.data:ti_sysbios_knl_Swi_Module__state__V 
*          0    200001c8    0000001c     UNINITIALIZED
                  200001c8    0000001c     adcsinglechannel_pem3.oem3 (.data:ti_sysbios_knl_Swi_Module__state__V)

.data:ti_sysbios_family_arm_cc26xx_Timer_Module__state__V 
*          0    200001e4    00000008     UNINITIALIZED
                  200001e4    00000008     adcsinglechannel_pem3.oem3 (.data:ti_sysbios_family_arm_cc26xx_Timer_Module__state__V)

.data:xdc_runtime_System_Module__state__V 
*          0    200001f8    00000008     UNINITIALIZED
                  200001f8    00000008     adcsinglechannel_pem3.oem3 (.data:xdc_runtime_System_Module__state__V)

.bss       0    20000208    00001369     UNINITIALIZED
                  20000208    00000400     (.common:ti_sysbios_heaps_HeapMem_Instance_State_0_buf__A)
                  20000608    000003e8     (.common:timeSamples)
                  200009f0    00000200     adcsinglechannel_pem3.oem3 (.bss:taskStackSection)
                  20000bf0    00000200     (.common:taskStack)
                  20000df0    000001f4     (.common:adcSamples)
                  20000fe4    0000012c     (.common:uartCC26XXObjects)
                  20001110    00000120     rtsv7M3_T_le_eabi.lib : trgmsg.obj (.bss:_CIOBUF_)
                  20001230    000000c8     (.common:ti_sysbios_family_arm_m3_Hwi_dispatchTable)
                  200012f8    00000080     (.common:xdc_runtime_SysMin_Module_State_0_outbuf__A)
                  20001378    0000007c     drivers_cc26xxware.aem3 : PINCC26XX.oem3 (.bss:PIN_HandleTable)
                  200013f4    00000050     (.common:taskStruct)
                  20001444    00000034                             : PINCC26XX.oem3 (.bss:PinSwi)
                  20001478    00000020     (.common:PinGpioConfigTable)
                  20001498    00000020     (.common:uartCC26XXRingBuffer)
                  200014b8    0000001c     (.common:PinHwi)
                  200014d4    0000001c     (.common:PinSem)
                  200014f0    0000001c     (.common:hwi)
                  2000150c    0000001c     (.common:sem)
                  20001528    00000014     driverlib.lib : osc.obj (.bss:oscHfGlobals)
                  2000153c    0000000c     (.common:pinState)
                  20001548    00000008                   : sys_ctrl.obj (.bss:powerQualGlobals)
                  20001550    00000008     (.common:parmbuf)
                  20001558    00000004     (.common:PIN_NumPins)
                  2000155c    00000004     (.common:hSem)
                  20001560    00000004     (.common:pPinGpio)
                  20001564    00000004     (.common:pinHandle)
                  20001568    00000004     (.common:uHandle)
                  2000156c    00000002     (.common:singleSample)
                  2000156e    00000001     (.common:driverlib_release_0_47020)
                  2000156f    00000001     (.common:uartRxPowerConstraint)
                  20001570    00000001     (.common:uartTxPowerConstraint)

.data      0    20001578    00000396     UNINITIALIZED
                  20001578    00000110     drivers_cc26xxware.aem3 : PowerCC26XX.oem3 (.data:PowerCC26XX_module)
                  20001688    0000004c     adcsinglechannel_pem3.oem3 (.data:ti_sysbios_knl_Task_Object__table__V)
                  200016d4    00000004     drivers_cc26xxware.aem3 : UART.oem3 (.data)
                  200016d8    00000048     adcsinglechannel_pem3.oem3 (.data:ti_sysbios_family_arm_cc26xx_Timer_Object__table__V)
                  20001720    00000038     adcsinglechannel_pem3.oem3 (.data:ti_sysbios_gates_GateMutex_Object__table__V)
                  20001758    00000030     adcsinglechannel_pem3.oem3 (.data:ti_sysbios_family_arm_m3_Hwi_Object__table__V)
                  20001788    00000030     adcsinglechannel_pem3.oem3 (.data:ti_sysbios_family_arm_m3_Timer_Object__table__V)
                  200017b8    00000030     adcsinglechannel_pem3.oem3 (.data:ti_sysbios_knl_Swi_Module_State_0_readyQ__A)
                  200017e8    00000030     adcsinglechannel_pem3.oem3 (.data:ti_sysbios_knl_Swi_Object__table__V)
                  20001818    00000020     adcsinglechannel_pem3.oem3 (.data:ti_sysbios_knl_Clock_Object__table__V)
                  20001838    00000020     adcsinglechannel_pem3.oem3 (.data:ti_sysbios_knl_Task_Module_State_0_readyQ__A)
                  20001858    00000018     adcsinglechannel_pem3.oem3 (.data:ti_sysbios_heaps_HeapMem_Object__table__V)
                  20001870    0000000c     adcsinglechannel_pem3.oem3 (.data:ti_sysbios_family_arm_m3_Timer_Module__state__V)
                  2000187c    0000000c     adcsinglechannel_pem3.oem3 (.data:xdc_runtime_SysMin_Module__state__V)
                  20001888    00000008     rtsv7M3_T_le_eabi.lib : _lock.obj (.data:$O1$$)
                  20001890    00000008     adcsinglechannel_pem3.oem3 (.data:ti_sysbios_family_arm_m3_Hwi_Module__root__V)
                  20001898    00000008     adcsinglechannel_pem3.oem3 (.data:ti_sysbios_gates_GateHwi_Module__root__V)
[...]
1001c1f1  ti_sysbios_hal_Hwi_Instance_finalize__E                                   
1001c1fb  ti_sysbios_family_arm_m3_Hwi_doSwiRestore__I                              
1001c203  ti_sysbios_family_arm_m3_Hwi_startup__E                                   
1001c20b  ti_sysbios_knl_Idle_loop__E                                               
1001c213  ti_sysbios_family_arm_m3_Hwi_doTaskRestore__I                             
1001c219  ti_sysbios_family_arm_m3_Hwi_restoreFxn__E                                
1001c21f  ti_sysbios_gates_GateHwi_leave__E                                         
1001c22b  ti_sysbios_knl_Queue_Instance_init__E                                     
1001c231  ti_sysbios_knl_Queue_elemClear__E                                         
1001c237  ti_sysbios_knl_Swi_Module_startup__E                                      
1001c23d  ti_sysbios_knl_Swi_startup__E                                             
1001c243  ti_sysbios_knl_Task_enable__E                                             
1001c249  ti_sysbios_BIOS_RtsGateProxy_enter__E                                     
1001c24d  ti_sysbios_BIOS_RtsGateProxy_leave__E                                     
1001c251  ti_sysbios_family_arm_cc26xx_Timer_getExpiredTicks__E                     
1001c255  ti_sysbios_family_arm_cc26xx_Timer_getPeriod__E                           
1001c259  ti_sysbios_family_arm_cc26xx_Timer_setPeriod__E                           
1001c25d  ti_sysbios_family_arm_m3_Hwi_delete                                       
1001c261  ti_sysbios_family_arm_m3_Hwi_destruct                                     
1001c265  ti_sysbios_family_arm_m3_TaskSupport_Module__startupDone__S               
1001c269  ti_sysbios_gates_GateHwi_query__E                                         
1001c269  xdc_runtime_System_Module_GateProxy_query__E                              
1001c26d  ti_sysbios_gates_GateMutex_delete                                         
1001c271  ti_sysbios_gates_GateMutex_destruct                                       
1001c275  ti_sysbios_BIOS_RtsGateProxy_query__E                                     
1001c275  ti_sysbios_gates_GateMutex_query__E                                       
1001c275  ti_sysbios_heaps_HeapMem_Module_GateProxy_query__E                        
1001c279  ti_sysbios_hal_Hwi_HwiProxy_Module__startupDone__S                        
1001c27d  ti_sysbios_hal_Hwi_HwiProxy_delete                                        
1001c281  ti_sysbios_hal_Hwi_HwiProxy_disableInterrupt__E                           
1001c281  ti_sysbios_hal_Hwi_disableInterrupt__E                                    
1001c285  ti_sysbios_hal_Hwi_HwiProxy_enableInterrupt__E                            
1001c285  ti_sysbios_hal_Hwi_enableInterrupt__E                                     
1001c289  ti_sysbios_hal_Hwi_HwiProxy_getStackInfo__E                               
1001c289  ti_sysbios_hal_Hwi_getStackInfo__E                                        
1001c28d  ti_sysbios_hal_Hwi_HwiProxy_startup__E                                    
1001c28d  ti_sysbios_hal_Hwi_startup__E                                             
1001c291  ti_sysbios_hal_Hwi_HwiProxy_switchFromBootStack__E                        
1001c295  ti_sysbios_hal_Hwi_delete                                                 
1001c299  ti_sysbios_hal_Hwi_switchFromBootStack__E                                 
1001c29d  ti_sysbios_heaps_HeapMem_Module_GateProxy_enter__E                        
1001c2a1  ti_sysbios_heaps_HeapMem_Module_GateProxy_leave__E                        
1001c2a5  ti_sysbios_heaps_HeapMem_isBlocking__E                                    
1001c2a9  ti_sysbios_knl_Clock_TimerProxy_Module__startupDone__S                    
1001c2ad  ti_sysbios_knl_Clock_TimerProxy_getExpiredTicks__E                        
1001c2b1  ti_sysbios_knl_Clock_TimerProxy_getPeriod__E                              
1001c2b5  ti_sysbios_knl_Clock_delete                                               
1001c2b9  ti_sysbios_knl_Clock_destruct                                             
1001c2bd  ti_sysbios_knl_Clock_removeI__E                                           
1001c2c1  ti_sysbios_knl_Clock_setTimeout__E                                        
1001c2c5  ti_sysbios_knl_Mailbox_delete                                             
1001c2c9  ti_sysbios_knl_Mailbox_destruct                                           
1001c2cd  ti_sysbios_knl_Queue_delete                                               
1001c2d1  ti_sysbios_knl_Queue_destruct                                             
1001c2d5  ti_sysbios_knl_Queue_head__E                                              
1001c2d9  ti_sysbios_knl_Queue_next__E                                              
1001c2dd  ti_sysbios_knl_Semaphore_delete                                           
1001c2e1  ti_sysbios_knl_Semaphore_destruct                                         
1001c2e5  ti_sysbios_knl_Swi_delete                                                 
1001c2e9  ti_sysbios_knl_Swi_destruct                                               
1001c2ed  ti_sysbios_knl_Swi_postInit__I                                            
1001c2f1  ti_sysbios_knl_Task_SupportProxy_Module__startupDone__S                   
1001c2f5  ti_sysbios_knl_Task_SupportProxy_getStackAlignment__E                     
1001c2f9  ti_sysbios_knl_Task_SupportProxy_start__E                                 
1001c2fd  ti_sysbios_knl_Task_SupportProxy_swap__E                                  
1001c301  ti_sysbios_knl_Task_delete                                                
1001c305  ti_sysbios_knl_Task_destruct                                              
1001c309  ti_sysbios_knl_Task_startup__E                                            
1001c30d  xdc_runtime_Startup_startMods__I                                          
1001c405  xdc_runtime_Core_createObject__I                                          
1001c487  xdc_runtime_Error_policySpin__E                                           
1001c489  xdc_runtime_Memory_alloc__E                                               
1001c4f9  xdc_runtime_Core_deleteObject__I                                          
1001c559  xdc_runtime_Startup_exec__E                                               
1001c5a9  xdc_runtime_Assert_raise__I                                               
1001c5f1  xdc_runtime_Core_assignParams__I                                          
1001c639  xdc_runtime_Core_constructObject__I                                       
1001c681  xdc_runtime_System_atexit__E                                              
1001c6b9  xdc_runtime_System_processAtExit__E                                       
1001c6ed  xdc_runtime_Core_assignLabel__I                                           
1001c71d  xdc_runtime_Text_cordText__E                                              
1001c749  xdc_runtime_System_abort__E                                               
1001c769  xdc_runtime_Error_raiseX__E                                               
1001c785  xdc_runtime_Memory_valloc__E                                              
1001c7a1  xdc_runtime_Core_destructObject__I                                        
1001c7b9  xdc_runtime_Error_check__E                                                
1001c7d1  xdc_runtime_System_exit__E                                                
1001c7e9  xdc_runtime_Text_ropeText__E                                              
1001c801  xdc_runtime_Memory_free__E                                                
1001c811  xdc_runtime_SysCallback_abort__E                                          
1001c821  xdc_runtime_SysCallback_exit__E                                           
1001c831  xdc_runtime_Timestamp_SupportProxy_get32__E                               
1001c831  xdc_runtime_Timestamp_get32__E                                            
1001c841  xdc_runtime_Error_init__E                                                 
1001c84d  xdc_runtime_Memory_calloc__E                                              
1001c859  xdc_runtime_Memory_getMaxDefaultTypeAlign__E                              
1001c879  xdc_runtime_Gate_leaveSystem__E                                           
1001c87f  xdc_runtime_System_Module_startup__E                                      
1001c885  xdc_runtime_Gate_enterSystem__E                                           
1001c889  xdc_runtime_Memory_HeapProxy_alloc__E                                     
1001c88d  xdc_runtime_Memory_HeapProxy_free__E                                      
1001c891  xdc_runtime_System_Module_GateProxy_enter__E                              
1001c895  xdc_runtime_System_Module_GateProxy_leave__E                              
1001c899  xdc_runtime_System_abortSpin__E                                           
1001c89b  xdc_runtime_System_exitSpin__E                                            
1001c89d  ti_sysbios_family_arm_m3_Hwi_dispatch__I                                  
1001c96d  ti_sysbios_family_arm_m3_TaskSupport_buildTaskStack                       
1001c9b9  ti_sysbios_family_arm_m3_Hwi_initStacks__E                                
1001ca01  ti_sysbios_family_arm_m3_Hwi_excHandlerAsm__I                             
1001ca21  ti_sysbios_family_xxx_Hwi_switchAndRunFunc                                
1001ca3f  ti_sysbios_family_arm_m3_Hwi_pendSV__I                                    
1001ca57  ti_sysbios_family_arm_m3_Hwi_return                                       
1001ca59  ti_sysbios_family_arm_m3_TaskSupport_glue                                 
1001ca69  ti_sysbios_family_arm_m3_TaskSupport_swap__E                              
1001ca71  ti_sysbios_knl_Task_swapReturn                                            
1001ca9b  ti_sysbios_rom_cortexm_cc26xx_CC26xx_getRevision__E                       
20000000  ti_sysbios_family_arm_m3_Hwi_ramVectors                                   
20000100  ti_sysbios_knl_Task_Module__state__V                                      
20000144  ti_sysbios_family_arm_m3_Hwi_Module__state__V                             
20000178  ti_sysbios_knl_Clock_Module__state__V                                     
200001a4  ti_sysbios_BIOS_Module__state__V                                          
200001c8  ti_sysbios_knl_Swi_Module__state__V                                       
200001e4  ti_sysbios_family_arm_cc26xx_Timer_Module__state__V                       
200001ec  ti_sysbios_family_arm_cc26xx_TimestampProvider_Module__state__V           
200001f0  xdc_runtime_Startup_Module__state__V                                      
200001f8  xdc_runtime_System_Module__state__V                                       
20000200  xdc_runtime_Memory_Module__state__V                                       
20000208  ti_sysbios_heaps_HeapMem_Instance_State_0_buf__A                          
20000608  timeSamples                                                               
200009f0  ti_sysbios_knl_Task_Instance_State_0_stack__A                             
20000bf0  taskStack                                                                 
20000df0  adcSamples                                                                
20000fe4  uartCC26XXObjects                                                         
20001110  __CIOBUF_                                                                 
20001230  ti_sysbios_family_arm_m3_Hwi_dispatchTable                                
200012f8  xdc_runtime_SysMin_Module_State_0_outbuf__A                               
20001378  PIN_HandleTable                                                           
200013f4  taskStruct                                                                
20001498  uartCC26XXRingBuffer                                                      
200014f0  hwi                                                                       
2000150c  sem                                                                       
2000153c  pinState                                                                  
20001550  parmbuf                                                                   
20001558  PIN_NumPins                                                               
2000155c  hSem                                                                      
20001564  pinHandle                                                                 
20001568  uHandle                                                                   
2000156c  singleSample                                                              
2000156e  driverlib_release_0_47020                                                 
20001578  PowerCC26XX_module                                                        
20001688  ti_sysbios_knl_Task_Object__table__V                                      
200016d8  ti_sysbios_family_arm_cc26xx_Timer_Object__table__V                       
20001720  ti_sysbios_gates_GateMutex_Object__table__V                               
20001758  ti_sysbios_family_arm_m3_Hwi_Object__table__V                             
20001788  ti_sysbios_family_arm_m3_Timer_Object__table__V                           
200017b8  ti_sysbios_knl_Swi_Module_State_0_readyQ__A                               
200017e8  ti_sysbios_knl_Swi_Object__table__V                                       
20001818  ti_sysbios_knl_Clock_Object__table__V                                     
20001838  ti_sysbios_knl_Task_Module_State_0_readyQ__A                              
20001858  ti_sysbios_heaps_HeapMem_Object__table__V                                 
20001870  ti_sysbios_family_arm_m3_Timer_Module__state__V                           
2000187c  xdc_runtime_SysMin_Module__state__V                                       
20001888  _lock                                                                     
2000188c  _unlock                                                                   
20001890  ti_sysbios_family_arm_m3_Hwi_Module__root__V                              
20001898  ti_sysbios_gates_GateHwi_Module__root__V                                  
200018a0  ti_sysbios_gates_GateMutex_Module__root__V                                
200018a8  ti_sysbios_hal_Hwi_Module__root__V                                        
200018b0  ti_sysbios_heaps_HeapMem_Module__root__V                                  
200018b8  ti_sysbios_knl_Clock_Module__root__V                                      
200018c0  ti_sysbios_knl_Mailbox_Module__root__V                                    
200018c8  ti_sysbios_knl_Queue_Module__root__V                                      
200018d0  ti_sysbios_knl_Semaphore_Module__root__V                                  
200018d8  ti_sysbios_knl_Swi_Module__root__V                                        
200018e0  ti_sysbios_knl_Task_Module__root__V                                       
200018e8  xdc_runtime_Registry_Module__state__V                                     
200018f0  xdc_runtime_System_Module_State_0_atexitHandlers__A                       
200018f8  main_func_sp                                                              
200018fc  ti_sysbios_family_arm_m3_Hwi_Module_State_0_excContext__A                 
20001900  ti_sysbios_family_arm_m3_Hwi_Module_State_0_excStack__A                   
20001904  ti_sysbios_family_arm_m3_TimestampProvider_Module__state__V               
20001908  ti_sysbios_knl_Task_Module_State_0_idleTask__A                            
2000190c  ti_sysbios_family_arm_m3_Hwi_Module_State_0_excActive__A                  
20004d00  __stack                                                                   
20005000  __STACK_END                                                               
e000e000  ti_sysbios_family_arm_m3_Hwi_nvic                                         
ffffffff  __TI_pprof_out_hndl                                                       
ffffffff  __TI_prof_data_size                                                       
ffffffff  __TI_prof_data_start                                                      
ffffffff  __binit__                                                                 
ffffffff  __c_args__                                                                
ffffffff  binit                                                                     
UNDEFED   HwiP_restore                                                              
UNDEFED   SHT$$INIT_ARRAY$$Base                                                     
UNDEFED   SHT$$INIT_ARRAY$$Limit                                                    
UNDEFED   ti_sysbios_BIOS_RtsGateProxy_Handle__label__S__mangled__                  
UNDEFED   ti_sysbios_BIOS_RtsGateProxy_Object__delete__S__mangled__                 
UNDEFED   ti_sysbios_BIOS_RtsGateProxy_Params__init__S__mangled__                   
UNDEFED   ti_sysbios_BIOS_RtsGateProxy_query__E__mangled__                          
UNDEFED   ti_sysbios_hal_Hwi_HwiProxy_Module__startupDone__S__mangled__             
UNDEFED   ti_sysbios_hal_Hwi_HwiProxy_Object__delete__S__mangled__                  
UNDEFED   ti_sysbios_hal_Hwi_HwiProxy_Params__init__S__mangled__                    
UNDEFED   ti_sysbios_hal_Hwi_HwiProxy_disableInterrupt__E__mangled__                
UNDEFED   ti_sysbios_hal_Hwi_HwiProxy_enableInterrupt__E__mangled__                 
UNDEFED   ti_sysbios_hal_Hwi_HwiProxy_getStackInfo__E__mangled__                    
UNDEFED   ti_sysbios_hal_Hwi_HwiProxy_startup__E__mangled__                         
UNDEFED   ti_sysbios_hal_Hwi_HwiProxy_switchFromBootStack__E__mangled__             
UNDEFED   ti_sysbios_hal_Hwi_disableInterrupt__E                                    
UNDEFED   ti_sysbios_hal_Hwi_enableInterrupt__E                                     
UNDEFED   ti_sysbios_hal_Hwi_getStackInfo__E                                        
UNDEFED   ti_sysbios_hal_Hwi_startup__E                                             
UNDEFED   ti_sysbios_hal_Hwi_switchFromBootStack__E                                 
UNDEFED   ti_sysbios_heaps_HeapMem_Module_GateProxy_Handle__label__S__mangled__     
UNDEFED   ti_sysbios_heaps_HeapMem_Module_GateProxy_Object__delete__S__mangled__    
UNDEFED   ti_sysbios_heaps_HeapMem_Module_GateProxy_Params__init__S__mangled__      
UNDEFED   ti_sysbios_heaps_HeapMem_Module_GateProxy_query__E__mangled__             
UNDEFED   ti_sysbios_knl_Clock_TimerProxy_Module__startupDone__S__mangled__         
UNDEFED   ti_sysbios_knl_Clock_TimerProxy_startup__E__mangled__                     
UNDEFED   ti_sysbios_knl_Task_SupportProxy_Module__startupDone__S__mangled__        
UNDEFED   ti_sysbios_knl_Task_SupportProxy_getStackAlignment__E__mangled__          
UNDEFED   ti_sysbios_knl_Task_SupportProxy_start__E__mangled__                      
UNDEFED   ti_sysbios_knl_Task_SupportProxy_swap__E__mangled__                       
UNDEFED   xdc_runtime_Main_Module_GateProxy_Handle__label__S                        
UNDEFED   xdc_runtime_Main_Module_GateProxy_Object__delete__S                       
UNDEFED   xdc_runtime_Main_Module_GateProxy_query__E                                
UNDEFED   xdc_runtime_Memory_HeapProxy_Handle__label__S__mangled__                  
UNDEFED   xdc_runtime_Memory_HeapProxy_Object__delete__S__mangled__                 
UNDEFED   xdc_runtime_System_Module_GateProxy_Handle__label__S__mangled__           
UNDEFED   xdc_runtime_System_Module_GateProxy_Object__delete__S__mangled__          
UNDEFED   xdc_runtime_System_Module_GateProxy_query__E__mangled__                   
UNDEFED   xdc_runtime_Timestamp_SupportProxy_get64__E__mangled__                    
UNDEFED   xdc_runtime_Timestamp_SupportProxy_getFreq__E__mangled__                  
UNDEFED   xdc_runtime_Timestamp_get32__E                                            
UNDEFED   xdc_runtime_Timestamp_get64__E                                            
UNDEFED   xdc_runtime_Timestamp_getFreq__E                                          

[793 symbols]
